S03b CHALLENGER START 2026-06-26T18:25:06.9747116-06:00
[2026-06-26 18:25:07] INFO challenger_official_execution - === Block 5.29D - Challenger Official Execution ===
[2026-06-26 18:25:07] INFO challenger_official_execution - Loaded official scope: 454 entity-window rows
[2026-06-26 18:25:08] INFO challenger_official_execution - Loaded actuals: 84537 rows / 45 entities
[2026-06-26 18:25:08] INFO challenger_official_execution - Loaded status checkpoint: 2302 rows
[2026-06-26 18:25:08] INFO challenger_official_execution - Loaded forecast checkpoint: 69060 rows
[2026-06-26 18:25:12] INFO challenger_official_execution - AutoARIMA: running official execution with backend ['pmdarima']
[2026-06-26 18:25:12] INFO challenger_official_execution - Theta: running official execution with backend ['darts']
[2026-06-26 18:25:12] INFO challenger_official_execution - ETS Explicit: running official execution with backend ['statsmodels']
[2026-06-26 18:25:12] INFO challenger_official_execution - LightGBM: running official execution with backend ['lightgbm']
[2026-06-26 18:25:12] INFO challenger_official_execution - XGBoost: running official execution with backend ['xgboost']
[2026-06-26 18:25:15] INFO challenger_official_execution - NBEATS: running official execution with backend ['darts', 'torch']
GPU available: False, used: False
TPU available: False, using: 0 TPU cores
\U0001f4a1 Tip: For seamless cloud logging and experiment tracking, try installing [litlogger](https://pypi.org/project/litlogger/) to enable LitLogger, which logs metrics and artifacts automatically to the Lightning Experiments platform.
C:\Users\oscarau\AppData\Local\Python\pythoncore-3.14-64\Lib\site-packages\pytorch_lightning\utilities\_pytree.py:21: `isinstance(treespec, LeafSpec)` is deprecated, use `isinstance(treespec, TreeSpec) and treespec.is_leaf()` instead.
C:\Users\oscarau\AppData\Local\Python\pythoncore-3.14-64\Lib\site-packages\torch\utils\data\dataloader.py:752: UserWarning: 'pin_memory' argument is set as true but no accelerator is found, then device pinned memory won't be used.
  super().__init__(loader)
`Trainer.fit` stopped: `max_epochs=5` reached.
GPU available: False, used: False
TPU available: False, using: 0 TPU cores
\U0001f4a1 Tip: For seamless cloud logging and experiment tracking, try installing [litlogger](https://pypi.org/project/litlogger/) to enable LitLogger, which logs metrics and artifacts automatically to the Lightning Experiments platform.
GPU available: False, used: False
TPU available: False, using: 0 TPU cores
\U0001f4a1 Tip: For seamless cloud logging and experiment tracking, try installing [litlogger](https://pypi.org/project/litlogger/) to enable LitLogger, which logs metrics and artifacts automatically to the Lightning Experiments platform.
C:\Users\oscarau\AppData\Local\Python\pythoncore-3.14-64\Lib\site-packages\pytorch_lightning\utilities\_pytree.py:21: `isinstance(treespec, LeafSpec)` is deprecated, use `isinstance(treespec, TreeSpec) and treespec.is_leaf()` instead.
C:\Users\oscarau\AppData\Local\Python\pythoncore-3.14-64\Lib\site-packages\torch\utils\data\dataloader.py:752: UserWarning: 'pin_memory' argument is set as true but no accelerator is found, then device pinned memory won't be used.
  super().__init__(loader)
`Trainer.fit` stopped: `max_epochs=5` reached.
GPU available: False, used: False
TPU available: False, using: 0 TPU cores
\U0001f4a1 Tip: For seamless cloud logging and experiment tracking, try installing [litlogger](https://pypi.org/project/litlogger/) to enable LitLogger, which logs metrics and artifacts automatically to the Lightning Experiments platform.
GPU available: False, used: False
TPU available: False, using: 0 TPU cores
\U0001f4a1 Tip: For seamless cloud logging and experiment tracking, try installing [litlogger](https://pypi.org/project/litlogger/) to enable LitLogger, which logs metrics and artifacts automatically to the Lightning Experiments platform.
C:\Users\oscarau\AppData\Local\Python\pythoncore-3.14-64\Lib\site-packages\pytorch_lightning\utilities\_pytree.py:21: `isinstance(treespec, LeafSpec)` is deprecated, use `isinstance(treespec, TreeSpec) and treespec.is_leaf()` instead.
C:\Users\oscarau\AppData\Local\Python\pythoncore-3.14-64\Lib\site-packages\torch\utils\data\dataloader.py:752: UserWarning: 'pin_memory' argument is set as true but no accelerator is found, then device pinned memory won't be used.
  super().__init__(loader)
`Trainer.fit` stopped: `max_epochs=5` reached.
GPU available: False, used: False
TPU available: False, using: 0 TPU cores
\U0001f4a1 Tip: For seamless cloud logging and experiment tracking, try installing [litlogger](https://pypi.org/project/litlogger/) to enable LitLogger, which logs metrics and artifacts automatically to the Lightning Experiments platform.
GPU available: False, used: False
TPU available: False, using: 0 TPU cores
\U0001f4a1 Tip: For seamless cloud logging and experiment tracking, try installing [litlogger](https://pypi.org/project/litlogger/) to enable LitLogger, which logs metrics and artifacts automatically to the Lightning Experiments platform.
C:\Users\oscarau\AppData\Local\Python\pythoncore-3.14-64\Lib\site-packages\pytorch_lightning\utilities\_pytree.py:21: `isinstance(treespec, LeafSpec)` is deprecated, use `isinstance(treespec, TreeSpec) and treespec.is_leaf()` instead.
C:\Users\oscarau\AppData\Local\Python\pythoncore-3.14-64\Lib\site-packages\torch\utils\data\dataloader.py:752: UserWarning: 'pin_memory' argument is set as true but no accelerator is found, then device pinned memory won't be used.
  super().__init__(loader)
`Trainer.fit` stopped: `max_epochs=5` reached.
GPU available: False, used: False
TPU available: False, using: 0 TPU cores
\U0001f4a1 Tip: For seamless cloud logging and experiment tracking, try installing [litlogger](https://pypi.org/project/litlogger/) to enable LitLogger, which logs metrics and artifacts automatically to the Lightning Experiments platform.
GPU available: False, used: False
TPU available: False, using: 0 TPU cores
\U0001f4a1 Tip: For seamless cloud logging and experiment tracking, try installing [litlogger](https://pypi.org/project/litlogger/) to enable LitLogger, which logs metrics and artifacts automatically to the Lightning Experiments platform.
C:\Users\oscarau\AppData\Local\Python\pythoncore-3.14-64\Lib\site-packages\pytorch_lightning\utilities\_pytree.py:21: `isinstance(treespec, LeafSpec)` is deprecated, use `isinstance(treespec, TreeSpec) and treespec.is_leaf()` instead.
C:\Users\oscarau\AppData\Local\Python\pythoncore-3.14-64\Lib\site-packages\torch\utils\data\dataloader.py:752: UserWarning: 'pin_memory' argument is set as true but no accelerator is found, then device pinned memory won't be used.
  super().__init__(loader)
`Trainer.fit` stopped: `max_epochs=5` reached.
GPU available: False, used: False
TPU available: False, using: 0 TPU cores
\U0001f4a1 Tip: For seamless cloud logging and experiment tracking, try installing [litlogger](https://pypi.org/project/litlogger/) to enable LitLogger, which logs metrics and artifacts automatically to the Lightning Experiments platform.
GPU available: False, used: False
TPU available: False, using: 0 TPU cores
\U0001f4a1 Tip: For seamless cloud logging and experiment tracking, try installing [litlogger](https://pypi.org/project/litlogger/) to enable LitLogger, which logs metrics and artifacts automatically to the Lightning Experiments platform.
C:\Users\oscarau\AppData\Local\Python\pythoncore-3.14-64\Lib\site-packages\pytorch_lightning\utilities\_pytree.py:21: `isinstance(treespec, LeafSpec)` is deprecated, use `isinstance(treespec, TreeSpec) and treespec.is_leaf()` instead.
C:\Users\oscarau\AppData\Local\Python\pythoncore-3.14-64\Lib\site-packages\torch\utils\data\dataloader.py:752: UserWarning: 'pin_memory' argument is set as true but no accelerator is found, then device pinned memory won't be used.
  super().__init__(loader)
`Trainer.fit` stopped: `max_epochs=5` reached.
GPU available: False, used: False
TPU available: False, using: 0 TPU cores
\U0001f4a1 Tip: For seamless cloud logging and experiment tracking, try installing [litlogger](https://pypi.org/project/litlogger/) to enable LitLogger, which logs metrics and artifacts automatically to the Lightning Experiments platform.
GPU available: False, used: False
TPU available: False, using: 0 TPU cores
\U0001f4a1 Tip: For seamless cloud logging and experiment tracking, try installing [litlogger](https://pypi.org/project/litlogger/) to enable LitLogger, which logs metrics and artifacts automatically to the Lightning Experiments platform.
C:\Users\oscarau\AppData\Local\Python\pythoncore-3.14-64\Lib\site-packages\pytorch_lightning\utilities\_pytree.py:21: `isinstance(treespec, LeafSpec)` is deprecated, use `isinstance(treespec, TreeSpec) and treespec.is_leaf()` instead.
C:\Users\oscarau\AppData\Local\Python\pythoncore-3.14-64\Lib\site-packages\torch\utils\data\dataloader.py:752: UserWarning: 'pin_memory' argument is set as true but no accelerator is found, then device pinned memory won't be used.
  super().__init__(loader)
`Trainer.fit` stopped: `max_epochs=5` reached.
GPU available: False, used: False
TPU available: False, using: 0 TPU cores
\U0001f4a1 Tip: For seamless cloud logging and experiment tracking, try installing [litlogger](https://pypi.org/project/litlogger/) to enable LitLogger, which logs metrics and artifacts automatically to the Lightning Experiments platform.
GPU available: False, used: False
TPU available: False, using: 0 TPU cores
\U0001f4a1 Tip: For seamless cloud logging and experiment tracking, try installing [litlogger](https://pypi.org/project/litlogger/) to enable LitLogger, which logs metrics and artifacts automatically to the Lightning Experiments platform.
C:\Users\oscarau\AppData\Local\Python\pythoncore-3.14-64\Lib\site-packages\pytorch_lightning\utilities\_pytree.py:21: `isinstance(treespec, LeafSpec)` is deprecated, use `isinstance(treespec, TreeSpec) and treespec.is_leaf()` instead.
C:\Users\oscarau\AppData\Local\Python\pythoncore-3.14-64\Lib\site-packages\torch\utils\data\dataloader.py:752: UserWarning: 'pin_memory' argument is set as true but no accelerator is found, then device pinned memory won't be used.
  super().__init__(loader)
`Trainer.fit` stopped: `max_epochs=5` reached.
GPU available: False, used: False
TPU available: False, using: 0 TPU cores
\U0001f4a1 Tip: For seamless cloud logging and experiment tracking, try installing [litlogger](https://pypi.org/project/litlogger/) to enable LitLogger, which logs metrics and artifacts automatically to the Lightning Experiments platform.
GPU available: False, used: False
TPU available: False, using: 0 TPU cores
\U0001f4a1 Tip: For seamless cloud logging and experiment tracking, try installing [litlogger](https://pypi.org/project/litlogger/) to enable LitLogger, which logs metrics and artifacts automatically to the Lightning Experiments platform.
C:\Users\oscarau\AppData\Local\Python\pythoncore-3.14-64\Lib\site-packages\pytorch_lightning\utilities\_pytree.py:21: `isinstance(treespec, LeafSpec)` is deprecated, use `isinstance(treespec, TreeSpec) and treespec.is_leaf()` instead.
C:\Users\oscarau\AppData\Local\Python\pythoncore-3.14-64\Lib\site-packages\torch\utils\data\dataloader.py:752: UserWarning: 'pin_memory' argument is set as true but no accelerator is found, then device pinned memory won't be used.
  super().__init__(loader)
`Trainer.fit` stopped: `max_epochs=5` reached.
GPU available: False, used: False
TPU available: False, using: 0 TPU cores
\U0001f4a1 Tip: For seamless cloud logging and experiment tracking, try installing [litlogger](https://pypi.org/project/litlogger/) to enable LitLogger, which logs metrics and artifacts automatically to the Lightning Experiments platform.
GPU available: False, used: False
TPU available: False, using: 0 TPU cores
\U0001f4a1 Tip: For seamless cloud logging and experiment tracking, try installing [litlogger](https://pypi.org/project/litlogger/) to enable LitLogger, which logs metrics and artifacts automatically to the Lightning Experiments platform.
C:\Users\oscarau\AppData\Local\Python\pythoncore-3.14-64\Lib\site-packages\pytorch_lightning\utilities\_pytree.py:21: `isinstance(treespec, LeafSpec)` is deprecated, use `isinstance(treespec, TreeSpec) and treespec.is_leaf()` instead.
C:\Users\oscarau\AppData\Local\Python\pythoncore-3.14-64\Lib\site-packages\torch\utils\data\dataloader.py:752: UserWarning: 'pin_memory' argument is set as true but no accelerator is found, then device pinned memory won't be used.
  super().__init__(loader)
`Trainer.fit` stopped: `max_epochs=5` reached.
GPU available: False, used: False
TPU available: False, using: 0 TPU cores
\U0001f4a1 Tip: For seamless cloud logging and experiment tracking, try installing [litlogger](https://pypi.org/project/litlogger/) to enable LitLogger, which logs metrics and artifacts automatically to the Lightning Experiments platform.
GPU available: False, used: False
TPU available: False, using: 0 TPU cores
\U0001f4a1 Tip: For seamless cloud logging and experiment tracking, try installing [litlogger](https://pypi.org/project/litlogger/) to enable LitLogger, which logs metrics and artifacts automatically to the Lightning Experiments platform.
C:\Users\oscarau\AppData\Local\Python\pythoncore-3.14-64\Lib\site-packages\pytorch_lightning\utilities\_pytree.py:21: `isinstance(treespec, LeafSpec)` is deprecated, use `isinstance(treespec, TreeSpec) and treespec.is_leaf()` instead.
C:\Users\oscarau\AppData\Local\Python\pythoncore-3.14-64\Lib\site-packages\torch\utils\data\dataloader.py:752: UserWarning: 'pin_memory' argument is set as true but no accelerator is found, then device pinned memory won't be used.
  super().__init__(loader)
`Trainer.fit` stopped: `max_epochs=5` reached.
GPU available: False, used: False
TPU available: False, using: 0 TPU cores
\U0001f4a1 Tip: For seamless cloud logging and experiment tracking, try installing [litlogger](https://pypi.org/project/litlogger/) to enable LitLogger, which logs metrics and artifacts automatically to the Lightning Experiments platform.
GPU available: False, used: False
TPU available: False, using: 0 TPU cores
\U0001f4a1 Tip: For seamless cloud logging and experiment tracking, try installing [litlogger](https://pypi.org/project/litlogger/) to enable LitLogger, which logs metrics and artifacts automatically to the Lightning Experiments platform.
C:\Users\oscarau\AppData\Local\Python\pythoncore-3.14-64\Lib\site-packages\pytorch_lightning\utilities\_pytree.py:21: `isinstance(treespec, LeafSpec)` is deprecated, use `isinstance(treespec, TreeSpec) and treespec.is_leaf()` instead.
C:\Users\oscarau\AppData\Local\Python\pythoncore-3.14-64\Lib\site-packages\torch\utils\data\dataloader.py:752: UserWarning: 'pin_memory' argument is set as true but no accelerator is found, then device pinned memory won't be used.
  super().__init__(loader)
`Trainer.fit` stopped: `max_epochs=5` reached.
GPU available: False, used: False
TPU available: False, using: 0 TPU cores
\U0001f4a1 Tip: For seamless cloud logging and experiment tracking, try installing [litlogger](https://pypi.org/project/litlogger/) to enable LitLogger, which logs metrics and artifacts automatically to the Lightning Experiments platform.
GPU available: False, used: False
TPU available: False, using: 0 TPU cores
\U0001f4a1 Tip: For seamless cloud logging and experiment tracking, try installing [litlogger](https://pypi.org/project/litlogger/) to enable LitLogger, which logs metrics and artifacts automatically to the Lightning Experiments platform.
C:\Users\oscarau\AppData\Local\Python\pythoncore-3.14-64\Lib\site-packages\pytorch_lightning\utilities\_pytree.py:21: `isinstance(treespec, LeafSpec)` is deprecated, use `isinstance(treespec, TreeSpec) and treespec.is_leaf()` instead.
C:\Users\oscarau\AppData\Local\Python\pythoncore-3.14-64\Lib\site-packages\torch\utils\data\dataloader.py:752: UserWarning: 'pin_memory' argument is set as true but no accelerator is found, then device pinned memory won't be used.
  super().__init__(loader)
`Trainer.fit` stopped: `max_epochs=5` reached.
GPU available: False, used: False
TPU available: False, using: 0 TPU cores
\U0001f4a1 Tip: For seamless cloud logging and experiment tracking, try installing [litlogger](https://pypi.org/project/litlogger/) to enable LitLogger, which logs metrics and artifacts automatically to the Lightning Experiments platform.
GPU available: False, used: False
TPU available: False, using: 0 TPU cores
\U0001f4a1 Tip: For seamless cloud logging and experiment tracking, try installing [litlogger](https://pypi.org/project/litlogger/) to enable LitLogger, which logs metrics and artifacts automatically to the Lightning Experiments platform.
C:\Users\oscarau\AppData\Local\Python\pythoncore-3.14-64\Lib\site-packages\pytorch_lightning\utilities\_pytree.py:21: `isinstance(treespec, LeafSpec)` is deprecated, use `isinstance(treespec, TreeSpec) and treespec.is_leaf()` instead.
C:\Users\oscarau\AppData\Local\Python\pythoncore-3.14-64\Lib\site-packages\torch\utils\data\dataloader.py:752: UserWarning: 'pin_memory' argument is set as true but no accelerator is found, then device pinned memory won't be used.
  super().__init__(loader)
`Trainer.fit` stopped: `max_epochs=5` reached.
GPU available: False, used: False
TPU available: False, using: 0 TPU cores
\U0001f4a1 Tip: For seamless cloud logging and experiment tracking, try installing [litlogger](https://pypi.org/project/litlogger/) to enable LitLogger, which logs metrics and artifacts automatically to the Lightning Experiments platform.
GPU available: False, used: False
TPU available: False, using: 0 TPU cores
\U0001f4a1 Tip: For seamless cloud logging and experiment tracking, try installing [litlogger](https://pypi.org/project/litlogger/) to enable LitLogger, which logs metrics and artifacts automatically to the Lightning Experiments platform.
C:\Users\oscarau\AppData\Local\Python\pythoncore-3.14-64\Lib\site-packages\pytorch_lightning\utilities\_pytree.py:21: `isinstance(treespec, LeafSpec)` is deprecated, use `isinstance(treespec, TreeSpec) and treespec.is_leaf()` instead.
C:\Users\oscarau\AppData\Local\Python\pythoncore-3.14-64\Lib\site-packages\torch\utils\data\dataloader.py:752: UserWarning: 'pin_memory' argument is set as true but no accelerator is found, then device pinned memory won't be used.
  super().__init__(loader)
`Trainer.fit` stopped: `max_epochs=5` reached.
GPU available: False, used: False
TPU available: False, using: 0 TPU cores
\U0001f4a1 Tip: For seamless cloud logging and experiment tracking, try installing [litlogger](https://pypi.org/project/litlogger/) to enable LitLogger, which logs metrics and artifacts automatically to the Lightning Experiments platform.
GPU available: False, used: False
TPU available: False, using: 0 TPU cores
\U0001f4a1 Tip: For seamless cloud logging and experiment tracking, try installing [litlogger](https://pypi.org/project/litlogger/) to enable LitLogger, which logs metrics and artifacts automatically to the Lightning Experiments platform.
C:\Users\oscarau\AppData\Local\Python\pythoncore-3.14-64\Lib\site-packages\pytorch_lightning\utilities\_pytree.py:21: `isinstance(treespec, LeafSpec)` is deprecated, use `isinstance(treespec, TreeSpec) and treespec.is_leaf()` instead.
C:\Users\oscarau\AppData\Local\Python\pythoncore-3.14-64\Lib\site-packages\torch\utils\data\dataloader.py:752: UserWarning: 'pin_memory' argument is set as true but no accelerator is found, then device pinned memory won't be used.
  super().__init__(loader)
`Trainer.fit` stopped: `max_epochs=5` reached.
GPU available: False, used: False
TPU available: False, using: 0 TPU cores
\U0001f4a1 Tip: For seamless cloud logging and experiment tracking, try installing [litlogger](https://pypi.org/project/litlogger/) to enable LitLogger, which logs metrics and artifacts automatically to the Lightning Experiments platform.
GPU available: False, used: False
TPU available: False, using: 0 TPU cores
\U0001f4a1 Tip: For seamless cloud logging and experiment tracking, try installing [litlogger](https://pypi.org/project/litlogger/) to enable LitLogger, which logs metrics and artifacts automatically to the Lightning Experiments platform.
C:\Users\oscarau\AppData\Local\Python\pythoncore-3.14-64\Lib\site-packages\pytorch_lightning\utilities\_pytree.py:21: `isinstance(treespec, LeafSpec)` is deprecated, use `isinstance(treespec, TreeSpec) and treespec.is_leaf()` instead.
C:\Users\oscarau\AppData\Local\Python\pythoncore-3.14-64\Lib\site-packages\torch\utils\data\dataloader.py:752: UserWarning: 'pin_memory' argument is set as true but no accelerator is found, then device pinned memory won't be used.
  super().__init__(loader)
`Trainer.fit` stopped: `max_epochs=5` reached.
GPU available: False, used: False
TPU available: False, using: 0 TPU cores
\U0001f4a1 Tip: For seamless cloud logging and experiment tracking, try installing [litlogger](https://pypi.org/project/litlogger/) to enable LitLogger, which logs metrics and artifacts automatically to the Lightning Experiments platform.
GPU available: False, used: False
TPU available: False, using: 0 TPU cores
\U0001f4a1 Tip: For seamless cloud logging and experiment tracking, try installing [litlogger](https://pypi.org/project/litlogger/) to enable LitLogger, which logs metrics and artifacts automatically to the Lightning Experiments platform.
C:\Users\oscarau\AppData\Local\Python\pythoncore-3.14-64\Lib\site-packages\pytorch_lightning\utilities\_pytree.py:21: `isinstance(treespec, LeafSpec)` is deprecated, use `isinstance(treespec, TreeSpec) and treespec.is_leaf()` instead.
C:\Users\oscarau\AppData\Local\Python\pythoncore-3.14-64\Lib\site-packages\torch\utils\data\dataloader.py:752: UserWarning: 'pin_memory' argument is set as true but no accelerator is found, then device pinned memory won't be used.
  super().__init__(loader)
`Trainer.fit` stopped: `max_epochs=5` reached.
GPU available: False, used: False
TPU available: False, using: 0 TPU cores
\U0001f4a1 Tip: For seamless cloud logging and experiment tracking, try installing [litlogger](https://pypi.org/project/litlogger/) to enable LitLogger, which logs metrics and artifacts automatically to the Lightning Experiments platform.
GPU available: False, used: False
TPU available: False, using: 0 TPU cores
\U0001f4a1 Tip: For seamless cloud logging and experiment tracking, try installing [litlogger](https://pypi.org/project/litlogger/) to enable LitLogger, which logs metrics and artifacts automatically to the Lightning Experiments platform.
C:\Users\oscarau\AppData\Local\Python\pythoncore-3.14-64\Lib\site-packages\pytorch_lightning\utilities\_pytree.py:21: `isinstance(treespec, LeafSpec)` is deprecated, use `isinstance(treespec, TreeSpec) and treespec.is_leaf()` instead.
C:\Users\oscarau\AppData\Local\Python\pythoncore-3.14-64\Lib\site-packages\torch\utils\data\dataloader.py:752: UserWarning: 'pin_memory' argument is set as true but no accelerator is found, then device pinned memory won't be used.
  super().__init__(loader)
`Trainer.fit` stopped: `max_epochs=5` reached.
GPU available: False, used: False
TPU available: False, using: 0 TPU cores
\U0001f4a1 Tip: For seamless cloud logging and experiment tracking, try installing [litlogger](https://pypi.org/project/litlogger/) to enable LitLogger, which logs metrics and artifacts automatically to the Lightning Experiments platform.
GPU available: False, used: False
TPU available: False, using: 0 TPU cores
\U0001f4a1 Tip: For seamless cloud logging and experiment tracking, try installing [litlogger](https://pypi.org/project/litlogger/) to enable LitLogger, which logs metrics and artifacts automatically to the Lightning Experiments platform.
C:\Users\oscarau\AppData\Local\Python\pythoncore-3.14-64\Lib\site-packages\pytorch_lightning\utilities\_pytree.py:21: `isinstance(treespec, LeafSpec)` is deprecated, use `isinstance(treespec, TreeSpec) and treespec.is_leaf()` instead.
C:\Users\oscarau\AppData\Local\Python\pythoncore-3.14-64\Lib\site-packages\torch\utils\data\dataloader.py:752: UserWarning: 'pin_memory' argument is set as true but no accelerator is found, then device pinned memory won't be used.
  super().__init__(loader)
`Trainer.fit` stopped: `max_epochs=5` reached.
GPU available: False, used: False
TPU available: False, using: 0 TPU cores
\U0001f4a1 Tip: For seamless cloud logging and experiment tracking, try installing [litlogger](https://pypi.org/project/litlogger/) to enable LitLogger, which logs metrics and artifacts automatically to the Lightning Experiments platform.
GPU available: False, used: False
TPU available: False, using: 0 TPU cores
\U0001f4a1 Tip: For seamless cloud logging and experiment tracking, try installing [litlogger](https://pypi.org/project/litlogger/) to enable LitLogger, which logs metrics and artifacts automatically to the Lightning Experiments platform.
C:\Users\oscarau\AppData\Local\Python\pythoncore-3.14-64\Lib\site-packages\pytorch_lightning\utilities\_pytree.py:21: `isinstance(treespec, LeafSpec)` is deprecated, use `isinstance(treespec, TreeSpec) and treespec.is_leaf()` instead.
C:\Users\oscarau\AppData\Local\Python\pythoncore-3.14-64\Lib\site-packages\torch\utils\data\dataloader.py:752: UserWarning: 'pin_memory' argument is set as true but no accelerator is found, then device pinned memory won't be used.
  super().__init__(loader)
`Trainer.fit` stopped: `max_epochs=5` reached.
GPU available: False, used: False
TPU available: False, using: 0 TPU cores
\U0001f4a1 Tip: For seamless cloud logging and experiment tracking, try installing [litlogger](https://pypi.org/project/litlogger/) to enable LitLogger, which logs metrics and artifacts automatically to the Lightning Experiments platform.
GPU available: False, used: False
TPU available: False, using: 0 TPU cores
\U0001f4a1 Tip: For seamless cloud logging and experiment tracking, try installing [litlogger](https://pypi.org/project/litlogger/) to enable LitLogger, which logs metrics and artifacts automatically to the Lightning Experiments platform.
C:\Users\oscarau\AppData\Local\Python\pythoncore-3.14-64\Lib\site-packages\pytorch_lightning\utilities\_pytree.py:21: `isinstance(treespec, LeafSpec)` is deprecated, use `isinstance(treespec, TreeSpec) and treespec.is_leaf()` instead.
C:\Users\oscarau\AppData\Local\Python\pythoncore-3.14-64\Lib\site-packages\torch\utils\data\dataloader.py:752: UserWarning: 'pin_memory' argument is set as true but no accelerator is found, then device pinned memory won't be used.
  super().__init__(loader)
`Trainer.fit` stopped: `max_epochs=5` reached.
GPU available: False, used: False
TPU available: False, using: 0 TPU cores
\U0001f4a1 Tip: For seamless cloud logging and experiment tracking, try installing [litlogger](https://pypi.org/project/litlogger/) to enable LitLogger, which logs metrics and artifacts automatically to the Lightning Experiments platform.
GPU available: False, used: False
TPU available: False, using: 0 TPU cores
\U0001f4a1 Tip: For seamless cloud logging and experiment tracking, try installing [litlogger](https://pypi.org/project/litlogger/) to enable LitLogger, which logs metrics and artifacts automatically to the Lightning Experiments platform.
C:\Users\oscarau\AppData\Local\Python\pythoncore-3.14-64\Lib\site-packages\pytorch_lightning\utilities\_pytree.py:21: `isinstance(treespec, LeafSpec)` is deprecated, use `isinstance(treespec, TreeSpec) and treespec.is_leaf()` instead.
C:\Users\oscarau\AppData\Local\Python\pythoncore-3.14-64\Lib\site-packages\torch\utils\data\dataloader.py:752: UserWarning: 'pin_memory' argument is set as true but no accelerator is found, then device pinned memory won't be used.
  super().__init__(loader)
`Trainer.fit` stopped: `max_epochs=5` reached.
GPU available: False, used: False
TPU available: False, using: 0 TPU cores
\U0001f4a1 Tip: For seamless cloud logging and experiment tracking, try installing [litlogger](https://pypi.org/project/litlogger/) to enable LitLogger, which logs metrics and artifacts automatically to the Lightning Experiments platform.
[2026-06-26 18:34:29] INFO challenger_official_execution - Progress: 2325/2724 model-window jobs complete; forecasts=69750
[2026-06-26 18:34:30] INFO challenger_official_execution - Materialized partial official artifacts for resume/audit.
GPU available: False, used: False
TPU available: False, using: 0 TPU cores
\U0001f4a1 Tip: For seamless cloud logging and experiment tracking, try installing [litlogger](https://pypi.org/project/litlogger/) to enable LitLogger, which logs metrics and artifacts automatically to the Lightning Experiments platform.
C:\Users\oscarau\AppData\Local\Python\pythoncore-3.14-64\Lib\site-packages\pytorch_lightning\utilities\_pytree.py:21: `isinstance(treespec, LeafSpec)` is deprecated, use `isinstance(treespec, TreeSpec) and treespec.is_leaf()` instead.
C:\Users\oscarau\AppData\Local\Python\pythoncore-3.14-64\Lib\site-packages\torch\utils\data\dataloader.py:752: UserWarning: 'pin_memory' argument is set as true but no accelerator is found, then device pinned memory won't be used.
  super().__init__(loader)
`Trainer.fit` stopped: `max_epochs=5` reached.
GPU available: False, used: False
TPU available: False, using: 0 TPU cores
\U0001f4a1 Tip: For seamless cloud logging and experiment tracking, try installing [litlogger](https://pypi.org/project/litlogger/) to enable LitLogger, which logs metrics and artifacts automatically to the Lightning Experiments platform.
GPU available: False, used: False
TPU available: False, using: 0 TPU cores
\U0001f4a1 Tip: For seamless cloud logging and experiment tracking, try installing [litlogger](https://pypi.org/project/litlogger/) to enable LitLogger, which logs metrics and artifacts automatically to the Lightning Experiments platform.
C:\Users\oscarau\AppData\Local\Python\pythoncore-3.14-64\Lib\site-packages\pytorch_lightning\utilities\_pytree.py:21: `isinstance(treespec, LeafSpec)` is deprecated, use `isinstance(treespec, TreeSpec) and treespec.is_leaf()` instead.
C:\Users\oscarau\AppData\Local\Python\pythoncore-3.14-64\Lib\site-packages\torch\utils\data\dataloader.py:752: UserWarning: 'pin_memory' argument is set as true but no accelerator is found, then device pinned memory won't be used.
  super().__init__(loader)
`Trainer.fit` stopped: `max_epochs=5` reached.
GPU available: False, used: False
TPU available: False, using: 0 TPU cores
\U0001f4a1 Tip: For seamless cloud logging and experiment tracking, try installing [litlogger](https://pypi.org/project/litlogger/) to enable LitLogger, which logs metrics and artifacts automatically to the Lightning Experiments platform.
GPU available: False, used: False
TPU available: False, using: 0 TPU cores
\U0001f4a1 Tip: For seamless cloud logging and experiment tracking, try installing [litlogger](https://pypi.org/project/litlogger/) to enable LitLogger, which logs metrics and artifacts automatically to the Lightning Experiments platform.
C:\Users\oscarau\AppData\Local\Python\pythoncore-3.14-64\Lib\site-packages\pytorch_lightning\utilities\_pytree.py:21: `isinstance(treespec, LeafSpec)` is deprecated, use `isinstance(treespec, TreeSpec) and treespec.is_leaf()` instead.
C:\Users\oscarau\AppData\Local\Python\pythoncore-3.14-64\Lib\site-packages\torch\utils\data\dataloader.py:752: UserWarning: 'pin_memory' argument is set as true but no accelerator is found, then device pinned memory won't be used.
  super().__init__(loader)
`Trainer.fit` stopped: `max_epochs=5` reached.
GPU available: False, used: False
TPU available: False, using: 0 TPU cores
\U0001f4a1 Tip: For seamless cloud logging and experiment tracking, try installing [litlogger](https://pypi.org/project/litlogger/) to enable LitLogger, which logs metrics and artifacts automatically to the Lightning Experiments platform.
GPU available: False, used: False
TPU available: False, using: 0 TPU cores
\U0001f4a1 Tip: For seamless cloud logging and experiment tracking, try installing [litlogger](https://pypi.org/project/litlogger/) to enable LitLogger, which logs metrics and artifacts automatically to the Lightning Experiments platform.
C:\Users\oscarau\AppData\Local\Python\pythoncore-3.14-64\Lib\site-packages\pytorch_lightning\utilities\_pytree.py:21: `isinstance(treespec, LeafSpec)` is deprecated, use `isinstance(treespec, TreeSpec) and treespec.is_leaf()` instead.
C:\Users\oscarau\AppData\Local\Python\pythoncore-3.14-64\Lib\site-packages\torch\utils\data\dataloader.py:752: UserWarning: 'pin_memory' argument is set as true but no accelerator is found, then device pinned memory won't be used.
  super().__init__(loader)
`Trainer.fit` stopped: `max_epochs=5` reached.
GPU available: False, used: False
TPU available: False, using: 0 TPU cores
\U0001f4a1 Tip: For seamless cloud logging and experiment tracking, try installing [litlogger](https://pypi.org/project/litlogger/) to enable LitLogger, which logs metrics and artifacts automatically to the Lightning Experiments platform.
GPU available: False, used: False
TPU available: False, using: 0 TPU cores
\U0001f4a1 Tip: For seamless cloud logging and experiment tracking, try installing [litlogger](https://pypi.org/project/litlogger/) to enable LitLogger, which logs metrics and artifacts automatically to the Lightning Experiments platform.
C:\Users\oscarau\AppData\Local\Python\pythoncore-3.14-64\Lib\site-packages\pytorch_lightning\utilities\_pytree.py:21: `isinstance(treespec, LeafSpec)` is deprecated, use `isinstance(treespec, TreeSpec) and treespec.is_leaf()` instead.
C:\Users\oscarau\AppData\Local\Python\pythoncore-3.14-64\Lib\site-packages\torch\utils\data\dataloader.py:752: UserWarning: 'pin_memory' argument is set as true but no accelerator is found, then device pinned memory won't be used.
  super().__init__(loader)
`Trainer.fit` stopped: `max_epochs=5` reached.
GPU available: False, used: False
TPU available: False, using: 0 TPU cores
\U0001f4a1 Tip: For seamless cloud logging and experiment tracking, try installing [litlogger](https://pypi.org/project/litlogger/) to enable LitLogger, which logs metrics and artifacts automatically to the Lightning Experiments platform.
GPU available: False, used: False
TPU available: False, using: 0 TPU cores
\U0001f4a1 Tip: For seamless cloud logging and experiment tracking, try installing [litlogger](https://pypi.org/project/litlogger/) to enable LitLogger, which logs metrics and artifacts automatically to the Lightning Experiments platform.
C:\Users\oscarau\AppData\Local\Python\pythoncore-3.14-64\Lib\site-packages\pytorch_lightning\utilities\_pytree.py:21: `isinstance(treespec, LeafSpec)` is deprecated, use `isinstance(treespec, TreeSpec) and treespec.is_leaf()` instead.
C:\Users\oscarau\AppData\Local\Python\pythoncore-3.14-64\Lib\site-packages\torch\utils\data\dataloader.py:752: UserWarning: 'pin_memory' argument is set as true but no accelerator is found, then device pinned memory won't be used.
  super().__init__(loader)
`Trainer.fit` stopped: `max_epochs=5` reached.
GPU available: False, used: False
TPU available: False, using: 0 TPU cores
\U0001f4a1 Tip: For seamless cloud logging and experiment tracking, try installing [litlogger](https://pypi.org/project/litlogger/) to enable LitLogger, which logs metrics and artifacts automatically to the Lightning Experiments platform.
GPU available: False, used: False
TPU available: False, using: 0 TPU cores
\U0001f4a1 Tip: For seamless cloud logging and experiment tracking, try installing [litlogger](https://pypi.org/project/litlogger/) to enable LitLogger, which logs metrics and artifacts automatically to the Lightning Experiments platform.
C:\Users\oscarau\AppData\Local\Python\pythoncore-3.14-64\Lib\site-packages\pytorch_lightning\utilities\_pytree.py:21: `isinstance(treespec, LeafSpec)` is deprecated, use `isinstance(treespec, TreeSpec) and treespec.is_leaf()` instead.
C:\Users\oscarau\AppData\Local\Python\pythoncore-3.14-64\Lib\site-packages\torch\utils\data\dataloader.py:752: UserWarning: 'pin_memory' argument is set as true but no accelerator is found, then device pinned memory won't be used.
  super().__init__(loader)
`Trainer.fit` stopped: `max_epochs=5` reached.
GPU available: False, used: False
TPU available: False, using: 0 TPU cores
\U0001f4a1 Tip: For seamless cloud logging and experiment tracking, try installing [litlogger](https://pypi.org/project/litlogger/) to enable LitLogger, which logs metrics and artifacts automatically to the Lightning Experiments platform.
GPU available: False, used: False
TPU available: False, using: 0 TPU cores
\U0001f4a1 Tip: For seamless cloud logging and experiment tracking, try installing [litlogger](https://pypi.org/project/litlogger/) to enable LitLogger, which logs metrics and artifacts automatically to the Lightning Experiments platform.
C:\Users\oscarau\AppData\Local\Python\pythoncore-3.14-64\Lib\site-packages\pytorch_lightning\utilities\_pytree.py:21: `isinstance(treespec, LeafSpec)` is deprecated, use `isinstance(treespec, TreeSpec) and treespec.is_leaf()` instead.
C:\Users\oscarau\AppData\Local\Python\pythoncore-3.14-64\Lib\site-packages\torch\utils\data\dataloader.py:752: UserWarning: 'pin_memory' argument is set as true but no accelerator is found, then device pinned memory won't be used.
  super().__init__(loader)
`Trainer.fit` stopped: `max_epochs=5` reached.
GPU available: False, used: False
TPU available: False, using: 0 TPU cores
\U0001f4a1 Tip: For seamless cloud logging and experiment tracking, try installing [litlogger](https://pypi.org/project/litlogger/) to enable LitLogger, which logs metrics and artifacts automatically to the Lightning Experiments platform.
GPU available: False, used: False
TPU available: False, using: 0 TPU cores
\U0001f4a1 Tip: For seamless cloud logging and experiment tracking, try installing [litlogger](https://pypi.org/project/litlogger/) to enable LitLogger, which logs metrics and artifacts automatically to the Lightning Experiments platform.
C:\Users\oscarau\AppData\Local\Python\pythoncore-3.14-64\Lib\site-packages\pytorch_lightning\utilities\_pytree.py:21: `isinstance(treespec, LeafSpec)` is deprecated, use `isinstance(treespec, TreeSpec) and treespec.is_leaf()` instead.
C:\Users\oscarau\AppData\Local\Python\pythoncore-3.14-64\Lib\site-packages\torch\utils\data\dataloader.py:752: UserWarning: 'pin_memory' argument is set as true but no accelerator is found, then device pinned memory won't be used.
  super().__init__(loader)
`Trainer.fit` stopped: `max_epochs=5` reached.
GPU available: False, used: False
TPU available: False, using: 0 TPU cores
\U0001f4a1 Tip: For seamless cloud logging and experiment tracking, try installing [litlogger](https://pypi.org/project/litlogger/) to enable LitLogger, which logs metrics and artifacts automatically to the Lightning Experiments platform.
GPU available: False, used: False
TPU available: False, using: 0 TPU cores
\U0001f4a1 Tip: For seamless cloud logging and experiment tracking, try installing [litlogger](https://pypi.org/project/litlogger/) to enable LitLogger, which logs metrics and artifacts automatically to the Lightning Experiments platform.
C:\Users\oscarau\AppData\Local\Python\pythoncore-3.14-64\Lib\site-packages\pytorch_lightning\utilities\_pytree.py:21: `isinstance(treespec, LeafSpec)` is deprecated, use `isinstance(treespec, TreeSpec) and treespec.is_leaf()` instead.
C:\Users\oscarau\AppData\Local\Python\pythoncore-3.14-64\Lib\site-packages\torch\utils\data\dataloader.py:752: UserWarning: 'pin_memory' argument is set as true but no accelerator is found, then device pinned memory won't be used.
  super().__init__(loader)
`Trainer.fit` stopped: `max_epochs=5` reached.
GPU available: False, used: False
TPU available: False, using: 0 TPU cores
\U0001f4a1 Tip: For seamless cloud logging and experiment tracking, try installing [litlogger](https://pypi.org/project/litlogger/) to enable LitLogger, which logs metrics and artifacts automatically to the Lightning Experiments platform.
GPU available: False, used: False
TPU available: False, using: 0 TPU cores
\U0001f4a1 Tip: For seamless cloud logging and experiment tracking, try installing [litlogger](https://pypi.org/project/litlogger/) to enable LitLogger, which logs metrics and artifacts automatically to the Lightning Experiments platform.
C:\Users\oscarau\AppData\Local\Python\pythoncore-3.14-64\Lib\site-packages\pytorch_lightning\utilities\_pytree.py:21: `isinstance(treespec, LeafSpec)` is deprecated, use `isinstance(treespec, TreeSpec) and treespec.is_leaf()` instead.
C:\Users\oscarau\AppData\Local\Python\pythoncore-3.14-64\Lib\site-packages\torch\utils\data\dataloader.py:752: UserWarning: 'pin_memory' argument is set as true but no accelerator is found, then device pinned memory won't be used.
  super().__init__(loader)
`Trainer.fit` stopped: `max_epochs=5` reached.
GPU available: False, used: False
TPU available: False, using: 0 TPU cores
\U0001f4a1 Tip: For seamless cloud logging and experiment tracking, try installing [litlogger](https://pypi.org/project/litlogger/) to enable LitLogger, which logs metrics and artifacts automatically to the Lightning Experiments platform.
GPU available: False, used: False
TPU available: False, using: 0 TPU cores
\U0001f4a1 Tip: For seamless cloud logging and experiment tracking, try installing [litlogger](https://pypi.org/project/litlogger/) to enable LitLogger, which logs metrics and artifacts automatically to the Lightning Experiments platform.
C:\Users\oscarau\AppData\Local\Python\pythoncore-3.14-64\Lib\site-packages\pytorch_lightning\utilities\_pytree.py:21: `isinstance(treespec, LeafSpec)` is deprecated, use `isinstance(treespec, TreeSpec) and treespec.is_leaf()` instead.
C:\Users\oscarau\AppData\Local\Python\pythoncore-3.14-64\Lib\site-packages\torch\utils\data\dataloader.py:752: UserWarning: 'pin_memory' argument is set as true but no accelerator is found, then device pinned memory won't be used.
  super().__init__(loader)
`Trainer.fit` stopped: `max_epochs=5` reached.
GPU available: False, used: False
TPU available: False, using: 0 TPU cores
\U0001f4a1 Tip: For seamless cloud logging and experiment tracking, try installing [litlogger](https://pypi.org/project/litlogger/) to enable LitLogger, which logs metrics and artifacts automatically to the Lightning Experiments platform.
GPU available: False, used: False
TPU available: False, using: 0 TPU cores
\U0001f4a1 Tip: For seamless cloud logging and experiment tracking, try installing [litlogger](https://pypi.org/project/litlogger/) to enable LitLogger, which logs metrics and artifacts automatically to the Lightning Experiments platform.
C:\Users\oscarau\AppData\Local\Python\pythoncore-3.14-64\Lib\site-packages\pytorch_lightning\utilities\_pytree.py:21: `isinstance(treespec, LeafSpec)` is deprecated, use `isinstance(treespec, TreeSpec) and treespec.is_leaf()` instead.
C:\Users\oscarau\AppData\Local\Python\pythoncore-3.14-64\Lib\site-packages\torch\utils\data\dataloader.py:752: UserWarning: 'pin_memory' argument is set as true but no accelerator is found, then device pinned memory won't be used.
  super().__init__(loader)
`Trainer.fit` stopped: `max_epochs=5` reached.
GPU available: False, used: False
TPU available: False, using: 0 TPU cores
\U0001f4a1 Tip: For seamless cloud logging and experiment tracking, try installing [litlogger](https://pypi.org/project/litlogger/) to enable LitLogger, which logs metrics and artifacts automatically to the Lightning Experiments platform.
GPU available: False, used: False
TPU available: False, using: 0 TPU cores
\U0001f4a1 Tip: For seamless cloud logging and experiment tracking, try installing [litlogger](https://pypi.org/project/litlogger/) to enable LitLogger, which logs metrics and artifacts automatically to the Lightning Experiments platform.
C:\Users\oscarau\AppData\Local\Python\pythoncore-3.14-64\Lib\site-packages\pytorch_lightning\utilities\_pytree.py:21: `isinstance(treespec, LeafSpec)` is deprecated, use `isinstance(treespec, TreeSpec) and treespec.is_leaf()` instead.
C:\Users\oscarau\AppData\Local\Python\pythoncore-3.14-64\Lib\site-packages\torch\utils\data\dataloader.py:752: UserWarning: 'pin_memory' argument is set as true but no accelerator is found, then device pinned memory won't be used.
  super().__init__(loader)
`Trainer.fit` stopped: `max_epochs=5` reached.
GPU available: False, used: False
TPU available: False, using: 0 TPU cores
\U0001f4a1 Tip: For seamless cloud logging and experiment tracking, try installing [litlogger](https://pypi.org/project/litlogger/) to enable LitLogger, which logs metrics and artifacts automatically to the Lightning Experiments platform.
GPU available: False, used: False
TPU available: False, using: 0 TPU cores
\U0001f4a1 Tip: For seamless cloud logging and experiment tracking, try installing [litlogger](https://pypi.org/project/litlogger/) to enable LitLogger, which logs metrics and artifacts automatically to the Lightning Experiments platform.
C:\Users\oscarau\AppData\Local\Python\pythoncore-3.14-64\Lib\site-packages\pytorch_lightning\utilities\_pytree.py:21: `isinstance(treespec, LeafSpec)` is deprecated, use `isinstance(treespec, TreeSpec) and treespec.is_leaf()` instead.
C:\Users\oscarau\AppData\Local\Python\pythoncore-3.14-64\Lib\site-packages\torch\utils\data\dataloader.py:752: UserWarning: 'pin_memory' argument is set as true but no accelerator is found, then device pinned memory won't be used.
  super().__init__(loader)
`Trainer.fit` stopped: `max_epochs=5` reached.
GPU available: False, used: False
TPU available: False, using: 0 TPU cores
\U0001f4a1 Tip: For seamless cloud logging and experiment tracking, try installing [litlogger](https://pypi.org/project/litlogger/) to enable LitLogger, which logs metrics and artifacts automatically to the Lightning Experiments platform.
GPU available: False, used: False
TPU available: False, using: 0 TPU cores
\U0001f4a1 Tip: For seamless cloud logging and experiment tracking, try installing [litlogger](https://pypi.org/project/litlogger/) to enable LitLogger, which logs metrics and artifacts automatically to the Lightning Experiments platform.
C:\Users\oscarau\AppData\Local\Python\pythoncore-3.14-64\Lib\site-packages\pytorch_lightning\utilities\_pytree.py:21: `isinstance(treespec, LeafSpec)` is deprecated, use `isinstance(treespec, TreeSpec) and treespec.is_leaf()` instead.
C:\Users\oscarau\AppData\Local\Python\pythoncore-3.14-64\Lib\site-packages\torch\utils\data\dataloader.py:752: UserWarning: 'pin_memory' argument is set as true but no accelerator is found, then device pinned memory won't be used.
  super().__init__(loader)
`Trainer.fit` stopped: `max_epochs=5` reached.
GPU available: False, used: False
TPU available: False, using: 0 TPU cores
\U0001f4a1 Tip: For seamless cloud logging and experiment tracking, try installing [litlogger](https://pypi.org/project/litlogger/) to enable LitLogger, which logs metrics and artifacts automatically to the Lightning Experiments platform.
GPU available: False, used: False
TPU available: False, using: 0 TPU cores
\U0001f4a1 Tip: For seamless cloud logging and experiment tracking, try installing [litlogger](https://pypi.org/project/litlogger/) to enable LitLogger, which logs metrics and artifacts automatically to the Lightning Experiments platform.
C:\Users\oscarau\AppData\Local\Python\pythoncore-3.14-64\Lib\site-packages\pytorch_lightning\utilities\_pytree.py:21: `isinstance(treespec, LeafSpec)` is deprecated, use `isinstance(treespec, TreeSpec) and treespec.is_leaf()` instead.
C:\Users\oscarau\AppData\Local\Python\pythoncore-3.14-64\Lib\site-packages\torch\utils\data\dataloader.py:752: UserWarning: 'pin_memory' argument is set as true but no accelerator is found, then device pinned memory won't be used.
  super().__init__(loader)
`Trainer.fit` stopped: `max_epochs=5` reached.
GPU available: False, used: False
TPU available: False, using: 0 TPU cores
\U0001f4a1 Tip: For seamless cloud logging and experiment tracking, try installing [litlogger](https://pypi.org/project/litlogger/) to enable LitLogger, which logs metrics and artifacts automatically to the Lightning Experiments platform.
GPU available: False, used: False
TPU available: False, using: 0 TPU cores
\U0001f4a1 Tip: For seamless cloud logging and experiment tracking, try installing [litlogger](https://pypi.org/project/litlogger/) to enable LitLogger, which logs metrics and artifacts automatically to the Lightning Experiments platform.
C:\Users\oscarau\AppData\Local\Python\pythoncore-3.14-64\Lib\site-packages\pytorch_lightning\utilities\_pytree.py:21: `isinstance(treespec, LeafSpec)` is deprecated, use `isinstance(treespec, TreeSpec) and treespec.is_leaf()` instead.
C:\Users\oscarau\AppData\Local\Python\pythoncore-3.14-64\Lib\site-packages\torch\utils\data\dataloader.py:752: UserWarning: 'pin_memory' argument is set as true but no accelerator is found, then device pinned memory won't be used.
  super().__init__(loader)
`Trainer.fit` stopped: `max_epochs=5` reached.
GPU available: False, used: False
TPU available: False, using: 0 TPU cores
\U0001f4a1 Tip: For seamless cloud logging and experiment tracking, try installing [litlogger](https://pypi.org/project/litlogger/) to enable LitLogger, which logs metrics and artifacts automatically to the Lightning Experiments platform.
GPU available: False, used: False
TPU available: False, using: 0 TPU cores
\U0001f4a1 Tip: For seamless cloud logging and experiment tracking, try installing [litlogger](https://pypi.org/project/litlogger/) to enable LitLogger, which logs metrics and artifacts automatically to the Lightning Experiments platform.
C:\Users\oscarau\AppData\Local\Python\pythoncore-3.14-64\Lib\site-packages\pytorch_lightning\utilities\_pytree.py:21: `isinstance(treespec, LeafSpec)` is deprecated, use `isinstance(treespec, TreeSpec) and treespec.is_leaf()` instead.
C:\Users\oscarau\AppData\Local\Python\pythoncore-3.14-64\Lib\site-packages\torch\utils\data\dataloader.py:752: UserWarning: 'pin_memory' argument is set as true but no accelerator is found, then device pinned memory won't be used.
  super().__init__(loader)
`Trainer.fit` stopped: `max_epochs=5` reached.
GPU available: False, used: False
TPU available: False, using: 0 TPU cores
\U0001f4a1 Tip: For seamless cloud logging and experiment tracking, try installing [litlogger](https://pypi.org/project/litlogger/) to enable LitLogger, which logs metrics and artifacts automatically to the Lightning Experiments platform.
GPU available: False, used: False
TPU available: False, using: 0 TPU cores
\U0001f4a1 Tip: For seamless cloud logging and experiment tracking, try installing [litlogger](https://pypi.org/project/litlogger/) to enable LitLogger, which logs metrics and artifacts automatically to the Lightning Experiments platform.
C:\Users\oscarau\AppData\Local\Python\pythoncore-3.14-64\Lib\site-packages\pytorch_lightning\utilities\_pytree.py:21: `isinstance(treespec, LeafSpec)` is deprecated, use `isinstance(treespec, TreeSpec) and treespec.is_leaf()` instead.
C:\Users\oscarau\AppData\Local\Python\pythoncore-3.14-64\Lib\site-packages\torch\utils\data\dataloader.py:752: UserWarning: 'pin_memory' argument is set as true but no accelerator is found, then device pinned memory won't be used.
  super().__init__(loader)
`Trainer.fit` stopped: `max_epochs=5` reached.
GPU available: False, used: False
TPU available: False, using: 0 TPU cores
\U0001f4a1 Tip: For seamless cloud logging and experiment tracking, try installing [litlogger](https://pypi.org/project/litlogger/) to enable LitLogger, which logs metrics and artifacts automatically to the Lightning Experiments platform.
GPU available: False, used: False
TPU available: False, using: 0 TPU cores
\U0001f4a1 Tip: For seamless cloud logging and experiment tracking, try installing [litlogger](https://pypi.org/project/litlogger/) to enable LitLogger, which logs metrics and artifacts automatically to the Lightning Experiments platform.
C:\Users\oscarau\AppData\Local\Python\pythoncore-3.14-64\Lib\site-packages\pytorch_lightning\utilities\_pytree.py:21: `isinstance(treespec, LeafSpec)` is deprecated, use `isinstance(treespec, TreeSpec) and treespec.is_leaf()` instead.
C:\Users\oscarau\AppData\Local\Python\pythoncore-3.14-64\Lib\site-packages\torch\utils\data\dataloader.py:752: UserWarning: 'pin_memory' argument is set as true but no accelerator is found, then device pinned memory won't be used.
  super().__init__(loader)
