Loading required package: shiny

Attaching package: 'bslib'

The following object is masked from 'package:utils':

    page


Attaching package: 'DT'

The following objects are masked from 'package:shiny':

    dataTableOutput, renderDataTable

Loading required package: ggplot2

Attaching package: 'plotly'

The following object is masked from 'package:ggplot2':

    last_plot

The following object is masked from 'package:stats':

    filter

The following object is masked from 'package:graphics':

    layout


Attaching package: 'dplyr'

The following objects are masked from 'package:stats':

    filter, lag

The following objects are masked from 'package:base':

    intersect, setdiff, setequal, union

Warning: One or more parsing issues, call `problems()` on your data frame for details,
e.g.:
  dat <- vroom(...)
  problems(dat)

Listening on http://127.0.0.1:3839
