#0 building with "desktop-linux" instance using docker driver

#1 [internal] load build definition from Dockerfile
#1 transferring dockerfile: 4.43kB 0.0s done
#1 DONE 0.0s

#2 [internal] load metadata for docker.io/rocker/r-ver:4.6.0@sha256:a3c049a16b67a01f893c106a1c8e7c878f739a541bda1fa01e42c3507aa232e9
#2 DONE 1.0s

#3 [internal] load .dockerignore
#3 transferring context: 1.63kB done
#3 DONE 0.0s

#4 [ 1/13] FROM docker.io/rocker/r-ver:4.6.0@sha256:a3c049a16b67a01f893c106a1c8e7c878f739a541bda1fa01e42c3507aa232e9
#4 resolve docker.io/rocker/r-ver:4.6.0@sha256:a3c049a16b67a01f893c106a1c8e7c878f739a541bda1fa01e42c3507aa232e9 0.0s done
#4 CACHED

#5 [internal] load build context
#5 transferring context: 4.43kB 0.0s done
#5 DONE 0.0s

#6 [ 2/13] RUN apt-get update && apt-get install -y --no-install-recommends         ca-certificates         curl         pandoc         locales         libcurl4-openssl-dev         libssl-dev         libxml2-dev         libuv1         libfontconfig1-dev         libfreetype6-dev         libpng-dev         libjpeg-dev         libtiff5-dev         libharfbuzz-dev         libfribidi-dev         fonts-dejavu-core         fonts-liberation     && rm -rf /var/lib/apt/lists/*
#6 0.620 Get:1 http://security.ubuntu.com/ubuntu noble-security InRelease [126 kB]
#6 0.728 Get:2 http://archive.ubuntu.com/ubuntu noble InRelease [256 kB]
#6 0.912 Get:3 http://security.ubuntu.com/ubuntu noble-security/main amd64 Packages [979 kB]
#6 1.051 Get:4 http://archive.ubuntu.com/ubuntu noble-updates InRelease [126 kB]
#6 1.182 Get:5 http://archive.ubuntu.com/ubuntu noble-backports InRelease [126 kB]
#6 1.209 Get:6 http://security.ubuntu.com/ubuntu noble-security/universe amd64 Packages [1487 kB]
#6 1.269 Get:7 http://archive.ubuntu.com/ubuntu noble/restricted amd64 Packages [117 kB]
#6 1.286 Get:8 http://archive.ubuntu.com/ubuntu noble/multiverse amd64 Packages [331 kB]
#6 1.302 Get:9 http://security.ubuntu.com/ubuntu noble-security/restricted amd64 Packages [1339 kB]
#6 1.360 Get:10 http://security.ubuntu.com/ubuntu noble-security/multiverse amd64 Packages [43.8 kB]
#6 1.362 Get:11 http://archive.ubuntu.com/ubuntu noble/universe amd64 Packages [19.3 MB]
#6 2.228 Get:12 http://archive.ubuntu.com/ubuntu noble/main amd64 Packages [1808 kB]
#6 2.293 Get:13 http://archive.ubuntu.com/ubuntu noble-updates/multiverse amd64 Packages [49.5 kB]
#6 2.300 Get:14 http://archive.ubuntu.com/ubuntu noble-updates/restricted amd64 Packages [1443 kB]
#6 2.369 Get:15 http://archive.ubuntu.com/ubuntu noble-updates/main amd64 Packages [1309 kB]
#6 2.455 Get:16 http://archive.ubuntu.com/ubuntu noble-updates/universe amd64 Packages [2109 kB]
#6 2.553 Get:17 http://archive.ubuntu.com/ubuntu noble-backports/main amd64 Packages [48.9 kB]
#6 2.555 Get:18 http://archive.ubuntu.com/ubuntu noble-backports/universe amd64 Packages [35.9 kB]
#6 2.556 Get:19 http://archive.ubuntu.com/ubuntu noble-backports/multiverse amd64 Packages [671 B]
#6 3.068 Fetched 31.1 MB in 3s (11.4 MB/s)
#6 3.068 Reading package lists...
#6 3.736 Reading package lists...
#6 4.388 Building dependency tree...
#6 4.599 Reading state information...
#6 4.842 ca-certificates is already the newest version (20260601~24.04.1).
#6 4.842 locales is already the newest version (2.39-0ubuntu8.7).
#6 4.842 The following additional packages will be installed:
#6 4.842   fonts-dejavu-mono gir1.2-freedesktop gir1.2-freedesktop-dev gir1.2-glib-2.0
#6 4.842   gir1.2-glib-2.0-dev gir1.2-harfbuzz-0.0 icu-devtools libblkid-dev
#6 4.842   libbrotli-dev libbz2-dev libcairo-gobject2 libdeflate-dev libexpat1-dev
#6 4.842   libffi-dev libfontconfig-dev libgirepository-2.0-0 libglib2.0-bin
#6 4.843   libglib2.0-dev libglib2.0-dev-bin libgraphite2-3 libgraphite2-dev
#6 4.843   libharfbuzz-cairo0 libharfbuzz-gobject0 libharfbuzz-icu0 libharfbuzz-subset0
#6 4.843   libicu-dev libjbig-dev libjpeg8-dev liblerc-dev liblua5.4-0 liblzma-dev
#6 4.843   libmount-dev libpcre2-dev libpkgconf3 libpython3-stdlib
#6 4.843   libpython3.12-minimal libpython3.12-stdlib libselinux1-dev libsepol-dev
#6 4.843   libsharpyuv-dev libsqlite3-0 libtiff-dev libwebp-dev libwebpdecoder3
#6 4.844   libwebpdemux2 libwebpmux3 libxml2 libyaml-0-2 libzstd-dev media-types
#6 4.844   netbase pandoc-data pkgconf pkgconf-bin python3 python3-minimal
#6 4.845   python3-packaging python3.12 python3.12-minimal uuid-dev zlib1g-dev
#6 4.847 Suggested packages:
#6 4.847   libcurl4-doc libidn-dev libkrb5-dev libldap2-dev librtmp-dev libssh2-1-dev
#6 4.847   freetype2-doc libglib2.0-doc libgdk-pixbuf2.0-bin libxml2-utils
#6 4.847   libgraphite2-utils icu-doc libssl-doc texlive-latex-recommended
#6 4.847   texlive-xetex texlive-luatex pandoc-citeproc texlive-latex-extra context
#6 4.847   wkhtmltopdf librsvg2-bin groff ghc nodejs php perl python ruby r-base-core
#6 4.847   libjs-mathjax libjs-katex citation-style-language-styles python3-doc
#6 4.847   python3-tk python3-venv python3.12-venv python3.12-doc binfmt-support
#6 4.847 Recommended packages:
#6 4.847   fonts-liberation-sans-narrow bzip2-doc libpng-tools
#6 4.954 The following NEW packages will be installed:
#6 4.954   curl fonts-dejavu-core fonts-dejavu-mono fonts-liberation gir1.2-freedesktop
#6 4.954   gir1.2-freedesktop-dev gir1.2-glib-2.0 gir1.2-glib-2.0-dev
#6 4.955   gir1.2-harfbuzz-0.0 icu-devtools libblkid-dev libbrotli-dev libbz2-dev
#6 4.955   libcairo-gobject2 libcurl4-openssl-dev libdeflate-dev libexpat1-dev
#6 4.955   libffi-dev libfontconfig-dev libfontconfig1-dev libfreetype-dev
#6 4.955   libfribidi-dev libgirepository-2.0-0 libglib2.0-bin libglib2.0-dev
#6 4.955   libglib2.0-dev-bin libgraphite2-dev libharfbuzz-cairo0 libharfbuzz-dev
#6 4.955   libharfbuzz-gobject0 libharfbuzz-icu0 libharfbuzz-subset0 libicu-dev
#6 4.955   libjbig-dev libjpeg-dev libjpeg8-dev liblerc-dev liblua5.4-0 liblzma-dev
#6 4.955   libmount-dev libpcre2-dev libpkgconf3 libpng-dev libpython3-stdlib
#6 4.955   libpython3.12-minimal libpython3.12-stdlib libselinux1-dev libsepol-dev
#6 4.955   libsharpyuv-dev libsqlite3-0 libssl-dev libtiff-dev libtiff5-dev libuv1t64
#6 4.955   libwebp-dev libwebpdecoder3 libwebpdemux2 libwebpmux3 libxml2-dev
#6 4.956   libyaml-0-2 libzstd-dev media-types netbase pandoc pandoc-data pkgconf
#6 4.956   pkgconf-bin python3 python3-minimal python3-packaging python3.12
#6 4.957   python3.12-minimal uuid-dev zlib1g-dev
#6 4.959 The following packages will be upgraded:
#6 4.960   libgraphite2-3 libxml2
#6 5.189 2 upgraded, 74 newly installed, 0 to remove and 4 not upgraded.
#6 5.189 Need to get 63.7 MB of archives.
#6 5.189 After this operation, 353 MB of additional disk space will be used.
#6 5.189 Get:1 http://archive.ubuntu.com/ubuntu noble-updates/main amd64 libpython3.12-minimal amd64 3.12.3-1ubuntu0.13 [837 kB]
#6 5.531 Get:2 http://archive.ubuntu.com/ubuntu noble-updates/main amd64 python3.12-minimal amd64 3.12.3-1ubuntu0.13 [2346 kB]
#6 5.690 Get:3 http://archive.ubuntu.com/ubuntu noble-updates/main amd64 python3-minimal amd64 3.12.3-0ubuntu2.1 [27.4 kB]
#6 5.691 Get:4 http://archive.ubuntu.com/ubuntu noble/main amd64 media-types all 10.1.0 [27.5 kB]
#6 5.692 Get:5 http://archive.ubuntu.com/ubuntu noble/main amd64 netbase all 6.4 [13.1 kB]
#6 5.694 Get:6 http://archive.ubuntu.com/ubuntu noble-updates/main amd64 libsqlite3-0 amd64 3.45.1-1ubuntu2.6 [701 kB]
#6 5.724 Get:7 http://archive.ubuntu.com/ubuntu noble-updates/main amd64 libpython3.12-stdlib amd64 3.12.3-1ubuntu0.13 [2068 kB]
#6 5.802 Get:8 http://archive.ubuntu.com/ubuntu noble-updates/main amd64 python3.12 amd64 3.12.3-1ubuntu0.13 [662 kB]
#6 5.828 Get:9 http://archive.ubuntu.com/ubuntu noble-updates/main amd64 libpython3-stdlib amd64 3.12.3-0ubuntu2.1 [10.1 kB]
#6 5.829 Get:10 http://archive.ubuntu.com/ubuntu noble-updates/main amd64 python3 amd64 3.12.3-0ubuntu2.1 [23.0 kB]
#6 5.830 Get:11 http://archive.ubuntu.com/ubuntu noble-updates/main amd64 gir1.2-glib-2.0 amd64 2.80.0-6ubuntu3.8 [183 kB]
#6 5.838 Get:12 http://archive.ubuntu.com/ubuntu noble-updates/main amd64 libxml2 amd64 2.9.14+dfsg-1.3ubuntu3.8 [764 kB]
#6 5.861 Get:13 http://archive.ubuntu.com/ubuntu noble/main amd64 libyaml-0-2 amd64 0.2.5-1build1 [51.5 kB]
#6 5.861 Get:14 http://archive.ubuntu.com/ubuntu noble/main amd64 libuv1t64 amd64 1.48.0-1.1build1 [97.3 kB]
#6 5.866 Get:15 http://archive.ubuntu.com/ubuntu noble-updates/main amd64 curl amd64 8.5.0-2ubuntu10.9 [227 kB]
#6 5.872 Get:16 http://archive.ubuntu.com/ubuntu noble/main amd64 fonts-dejavu-mono all 2.37-8 [502 kB]
#6 5.888 Get:17 http://archive.ubuntu.com/ubuntu noble/main amd64 fonts-dejavu-core all 2.37-8 [835 kB]
#6 5.915 Get:18 http://archive.ubuntu.com/ubuntu noble/main amd64 fonts-liberation all 1:2.1.5-3 [1603 kB]
#6 5.979 Get:19 http://archive.ubuntu.com/ubuntu noble/main amd64 libcairo-gobject2 amd64 1.18.0-3build1 [127 kB]
#6 5.995 Get:20 http://archive.ubuntu.com/ubuntu noble/main amd64 gir1.2-freedesktop amd64 1.80.1-1 [49.7 kB]
#6 5.996 Get:21 http://archive.ubuntu.com/ubuntu noble-updates/main amd64 gir1.2-glib-2.0-dev amd64 2.80.0-6ubuntu3.8 [848 kB]
#6 6.027 Get:22 http://archive.ubuntu.com/ubuntu noble/main amd64 gir1.2-freedesktop-dev amd64 1.80.1-1 [28.8 kB]
#6 6.028 Get:23 http://archive.ubuntu.com/ubuntu noble/main amd64 libharfbuzz-gobject0 amd64 8.3.0-2build2 [34.3 kB]
#6 6.032 Get:24 http://archive.ubuntu.com/ubuntu noble/main amd64 gir1.2-harfbuzz-0.0 amd64 8.3.0-2build2 [44.5 kB]
#6 6.035 Get:25 http://archive.ubuntu.com/ubuntu noble-updates/main amd64 icu-devtools amd64 74.2-1ubuntu3.1 [212 kB]
#6 6.044 Get:26 http://archive.ubuntu.com/ubuntu noble/main amd64 libbrotli-dev amd64 1.1.0-2build2 [353 kB]
#6 6.057 Get:27 http://archive.ubuntu.com/ubuntu noble-updates/main amd64 libbz2-dev amd64 1.0.8-5.1build0.1 [33.6 kB]
#6 6.068 Get:28 http://archive.ubuntu.com/ubuntu noble-updates/main amd64 libcurl4-openssl-dev amd64 8.5.0-2ubuntu10.9 [446 kB]
#6 6.092 Get:29 http://archive.ubuntu.com/ubuntu noble-updates/main amd64 libdeflate-dev amd64 1.19-1build1.1 [50.9 kB]
#6 6.094 Get:30 http://archive.ubuntu.com/ubuntu noble-updates/main amd64 libexpat1-dev amd64 2.6.1-2ubuntu0.4 [140 kB]
#6 6.112 Get:31 http://archive.ubuntu.com/ubuntu noble-updates/main amd64 zlib1g-dev amd64 1:1.3.dfsg-3.1ubuntu2.1 [894 kB]
#6 6.143 Get:32 http://archive.ubuntu.com/ubuntu noble-updates/main amd64 libpng-dev amd64 1.6.43-5ubuntu0.6 [265 kB]
#6 6.153 Get:33 http://archive.ubuntu.com/ubuntu noble-updates/main amd64 libfreetype-dev amd64 2.13.2+dfsg-1ubuntu0.1 [575 kB]
#6 6.177 Get:34 http://archive.ubuntu.com/ubuntu noble-updates/main amd64 uuid-dev amd64 2.39.3-9ubuntu6.5 [33.5 kB]
#6 6.177 Get:35 http://archive.ubuntu.com/ubuntu noble/main amd64 libpkgconf3 amd64 1.8.1-2build1 [30.7 kB]
#6 6.179 Get:36 http://archive.ubuntu.com/ubuntu noble/main amd64 pkgconf-bin amd64 1.8.1-2build1 [20.7 kB]
#6 6.181 Get:37 http://archive.ubuntu.com/ubuntu noble/main amd64 pkgconf amd64 1.8.1-2build1 [16.8 kB]
#6 6.181 Get:38 http://archive.ubuntu.com/ubuntu noble/main amd64 libfontconfig-dev amd64 2.15.0-1.1ubuntu2 [161 kB]
#6 6.191 Get:39 http://archive.ubuntu.com/ubuntu noble/main amd64 libfontconfig1-dev amd64 2.15.0-1.1ubuntu2 [1840 B]
#6 6.198 Get:40 http://archive.ubuntu.com/ubuntu noble/main amd64 libfribidi-dev amd64 1.0.13-3build1 [64.8 kB]
#6 6.216 Get:41 http://archive.ubuntu.com/ubuntu noble-updates/main amd64 libgirepository-2.0-0 amd64 2.80.0-6ubuntu3.8 [73.6 kB]
#6 6.226 Get:42 http://archive.ubuntu.com/ubuntu noble-updates/main amd64 libglib2.0-bin amd64 2.80.0-6ubuntu3.8 [97.9 kB]
#6 6.260 Get:43 http://archive.ubuntu.com/ubuntu noble/main amd64 libffi-dev amd64 3.4.6-1build1 [62.8 kB]
#6 6.267 Get:44 http://archive.ubuntu.com/ubuntu noble/main amd64 python3-packaging all 24.0-1 [41.1 kB]
#6 6.274 Get:45 http://archive.ubuntu.com/ubuntu noble-updates/main amd64 libglib2.0-dev-bin amd64 2.80.0-6ubuntu3.8 [138 kB]
#6 6.283 Get:46 http://archive.ubuntu.com/ubuntu noble-updates/main amd64 libblkid-dev amd64 2.39.3-9ubuntu6.5 [204 kB]
#6 6.291 Get:47 http://archive.ubuntu.com/ubuntu noble/main amd64 libsepol-dev amd64 3.5-2build1 [384 kB]
#6 6.311 Get:48 http://archive.ubuntu.com/ubuntu noble-updates/main amd64 libpcre2-dev amd64 10.42-4ubuntu2.1 [736 kB]
#6 6.339 Get:49 http://archive.ubuntu.com/ubuntu noble-updates/main amd64 libselinux1-dev amd64 3.5-2ubuntu2.1 [164 kB]
#6 6.344 Get:50 http://archive.ubuntu.com/ubuntu noble-updates/main amd64 libmount-dev amd64 2.39.3-9ubuntu6.5 [14.9 kB]
#6 6.345 Get:51 http://archive.ubuntu.com/ubuntu noble-updates/main amd64 libglib2.0-dev amd64 2.80.0-6ubuntu3.8 [1860 kB]
#6 6.420 Get:52 http://archive.ubuntu.com/ubuntu noble-updates/main amd64 libgraphite2-3 amd64 1.3.14-2ubuntu0.24.04.1 [73.4 kB]
#6 6.423 Get:53 http://archive.ubuntu.com/ubuntu noble-updates/main amd64 libgraphite2-dev amd64 1.3.14-2ubuntu0.24.04.1 [14.7 kB]
#6 6.423 Get:54 http://archive.ubuntu.com/ubuntu noble/main amd64 libharfbuzz-cairo0 amd64 8.3.0-2build2 [26.2 kB]
#6 6.425 Get:55 http://archive.ubuntu.com/ubuntu noble/main amd64 libharfbuzz-icu0 amd64 8.3.0-2build2 [13.3 kB]
#6 6.426 Get:56 http://archive.ubuntu.com/ubuntu noble/main amd64 libharfbuzz-subset0 amd64 8.3.0-2build2 [448 kB]
#6 6.441 Get:57 http://archive.ubuntu.com/ubuntu noble-updates/main amd64 libicu-dev amd64 74.2-1ubuntu3.1 [11.9 MB]
#6 6.889 Get:58 http://archive.ubuntu.com/ubuntu noble/main amd64 libharfbuzz-dev amd64 8.3.0-2build2 [142 kB]
#6 6.894 Get:59 http://archive.ubuntu.com/ubuntu noble/main amd64 libjpeg8-dev amd64 8c-2ubuntu11 [1484 B]
#6 6.894 Get:60 http://archive.ubuntu.com/ubuntu noble/main amd64 libjpeg-dev amd64 8c-2ubuntu11 [1482 B]
#6 6.895 Get:61 http://archive.ubuntu.com/ubuntu noble/main amd64 liblerc-dev amd64 4.0.0+ds-4ubuntu2 [182 kB]
#6 6.902 Get:62 http://archive.ubuntu.com/ubuntu noble/main amd64 liblua5.4-0 amd64 5.4.6-3build2 [166 kB]
#6 6.908 Get:63 http://archive.ubuntu.com/ubuntu noble/main amd64 libsharpyuv-dev amd64 1.3.2-0.4build3 [16.0 kB]
#6 6.908 Get:64 http://archive.ubuntu.com/ubuntu noble-updates/main amd64 libssl-dev amd64 3.0.13-0ubuntu3.11 [2408 kB]
#6 6.985 Get:65 http://archive.ubuntu.com/ubuntu noble/main amd64 libjbig-dev amd64 2.1-6.1ubuntu2 [27.9 kB]
#6 6.985 Get:66 http://archive.ubuntu.com/ubuntu noble-updates/main amd64 liblzma-dev amd64 5.6.1+really5.4.5-1ubuntu0.3 [176 kB]
#6 6.994 Get:67 http://archive.ubuntu.com/ubuntu noble-updates/main amd64 libzstd-dev amd64 1.5.5+dfsg2-2build1.1 [364 kB]
#6 7.006 Get:68 http://archive.ubuntu.com/ubuntu noble/main amd64 libwebpdemux2 amd64 1.3.2-0.4build3 [12.4 kB]
#6 7.007 Get:69 http://archive.ubuntu.com/ubuntu noble/main amd64 libwebpmux3 amd64 1.3.2-0.4build3 [25.7 kB]
#6 7.009 Get:70 http://archive.ubuntu.com/ubuntu noble/main amd64 libwebpdecoder3 amd64 1.3.2-0.4build3 [114 kB]
#6 7.013 Get:71 http://archive.ubuntu.com/ubuntu noble/main amd64 libwebp-dev amd64 1.3.2-0.4build3 [367 kB]
#6 7.024 Get:72 http://archive.ubuntu.com/ubuntu noble-updates/main amd64 libtiff-dev amd64 4.5.1+git230720-4ubuntu2.5 [338 kB]
#6 7.036 Get:73 http://archive.ubuntu.com/ubuntu noble-updates/main amd64 libtiff5-dev amd64 4.5.1+git230720-4ubuntu2.5 [2162 B]
#6 7.058 Get:74 http://archive.ubuntu.com/ubuntu noble-updates/main amd64 libxml2-dev amd64 2.9.14+dfsg-1.3ubuntu3.8 [782 kB]
#6 7.089 Get:75 http://archive.ubuntu.com/ubuntu noble/universe amd64 pandoc-data all 3.1.3-1 [92.4 kB]
#6 7.092 Get:76 http://archive.ubuntu.com/ubuntu noble/universe amd64 pandoc amd64 3.1.3+ds-2 [26.9 MB]
#6 8.713 debconf: delaying package configuration, since apt-utils is not installed
#6 8.756 Fetched 63.7 MB in 4s (18.0 MB/s)
#6 8.797 Selecting previously unselected package libpython3.12-minimal:amd64.
#6 8.797 (Reading database ... 
(Reading database ... 5%
(Reading database ... 10%
(Reading database ... 15%
(Reading database ... 20%
(Reading database ... 25%
(Reading database ... 30%
(Reading database ... 35%
(Reading database ... 40%
(Reading database ... 45%
(Reading database ... 50%
(Reading database ... 55%
(Reading database ... 60%
(Reading database ... 65%
(Reading database ... 70%
(Reading database ... 75%
(Reading database ... 80%
(Reading database ... 85%
(Reading database ... 90%
(Reading database ... 95%
(Reading database ... 100%
(Reading database ... 12369 files and directories currently installed.)
#6 8.878 Preparing to unpack .../libpython3.12-minimal_3.12.3-1ubuntu0.13_amd64.deb ...
#6 8.882 Unpacking libpython3.12-minimal:amd64 (3.12.3-1ubuntu0.13) ...
#6 9.067 Selecting previously unselected package python3.12-minimal.
#6 9.070 Preparing to unpack .../python3.12-minimal_3.12.3-1ubuntu0.13_amd64.deb ...
#6 9.083 Unpacking python3.12-minimal (3.12.3-1ubuntu0.13) ...
#6 9.177 Setting up libpython3.12-minimal:amd64 (3.12.3-1ubuntu0.13) ...
#6 9.197 Setting up python3.12-minimal (3.12.3-1ubuntu0.13) ...
#6 9.897 Selecting previously unselected package python3-minimal.
#6 9.897 (Reading database ... 
(Reading database ... 5%
(Reading database ... 10%
(Reading database ... 15%
(Reading database ... 20%
(Reading database ... 25%
(Reading database ... 30%
(Reading database ... 35%
(Reading database ... 40%
(Reading database ... 45%
(Reading database ... 50%
(Reading database ... 55%
(Reading database ... 60%
(Reading database ... 65%
(Reading database ... 70%
(Reading database ... 75%
(Reading database ... 80%
(Reading database ... 85%
(Reading database ... 90%
(Reading database ... 95%
(Reading database ... 100%
(Reading database ... 12678 files and directories currently installed.)
#6 9.907 Preparing to unpack .../0-python3-minimal_3.12.3-0ubuntu2.1_amd64.deb ...
#6 9.911 Unpacking python3-minimal (3.12.3-0ubuntu2.1) ...
#6 9.946 Selecting previously unselected package media-types.
#6 9.948 Preparing to unpack .../1-media-types_10.1.0_all.deb ...
#6 9.952 Unpacking media-types (10.1.0) ...
#6 9.988 Selecting previously unselected package netbase.
#6 9.989 Preparing to unpack .../2-netbase_6.4_all.deb ...
#6 9.993 Unpacking netbase (6.4) ...
#6 10.03 Selecting previously unselected package libsqlite3-0:amd64.
#6 10.03 Preparing to unpack .../3-libsqlite3-0_3.45.1-1ubuntu2.6_amd64.deb ...
#6 10.04 Unpacking libsqlite3-0:amd64 (3.45.1-1ubuntu2.6) ...
#6 10.08 Selecting previously unselected package libpython3.12-stdlib:amd64.
#6 10.08 Preparing to unpack .../4-libpython3.12-stdlib_3.12.3-1ubuntu0.13_amd64.deb ...
#6 10.08 Unpacking libpython3.12-stdlib:amd64 (3.12.3-1ubuntu0.13) ...
#6 10.22 Selecting previously unselected package python3.12.
#6 10.22 Preparing to unpack .../5-python3.12_3.12.3-1ubuntu0.13_amd64.deb ...
#6 10.22 Unpacking python3.12 (3.12.3-1ubuntu0.13) ...
#6 10.26 Selecting previously unselected package libpython3-stdlib:amd64.
#6 10.27 Preparing to unpack .../6-libpython3-stdlib_3.12.3-0ubuntu2.1_amd64.deb ...
#6 10.27 Unpacking libpython3-stdlib:amd64 (3.12.3-0ubuntu2.1) ...
#6 10.31 Setting up python3-minimal (3.12.3-0ubuntu2.1) ...
#6 10.48 Selecting previously unselected package python3.
#6 10.48 (Reading database ... 
(Reading database ... 5%
(Reading database ... 10%
(Reading database ... 15%
(Reading database ... 20%
(Reading database ... 25%
(Reading database ... 30%
(Reading database ... 35%
(Reading database ... 40%
(Reading database ... 45%
(Reading database ... 50%
(Reading database ... 55%
(Reading database ... 60%
(Reading database ... 65%
(Reading database ... 70%
(Reading database ... 75%
(Reading database ... 80%
(Reading database ... 85%
(Reading database ... 90%
(Reading database ... 95%
(Reading database ... 100%
(Reading database ... 13120 files and directories currently installed.)
#6 10.49 Preparing to unpack .../00-python3_3.12.3-0ubuntu2.1_amd64.deb ...
#6 10.50 Unpacking python3 (3.12.3-0ubuntu2.1) ...
#6 10.54 Selecting previously unselected package gir1.2-glib-2.0:amd64.
#6 10.54 Preparing to unpack .../01-gir1.2-glib-2.0_2.80.0-6ubuntu3.8_amd64.deb ...
#6 10.54 Unpacking gir1.2-glib-2.0:amd64 (2.80.0-6ubuntu3.8) ...
#6 10.58 Preparing to unpack .../02-libxml2_2.9.14+dfsg-1.3ubuntu3.8_amd64.deb ...
#6 10.59 Unpacking libxml2:amd64 (2.9.14+dfsg-1.3ubuntu3.8) over (2.9.14+dfsg-1.3ubuntu3.7) ...
#6 10.65 Selecting previously unselected package libyaml-0-2:amd64.
#6 10.65 Preparing to unpack .../03-libyaml-0-2_0.2.5-1build1_amd64.deb ...
#6 10.65 Unpacking libyaml-0-2:amd64 (0.2.5-1build1) ...
#6 10.69 Selecting previously unselected package libuv1t64:amd64.
#6 10.69 Preparing to unpack .../04-libuv1t64_1.48.0-1.1build1_amd64.deb ...
#6 10.69 Unpacking libuv1t64:amd64 (1.48.0-1.1build1) ...
#6 10.73 Selecting previously unselected package curl.
#6 10.73 Preparing to unpack .../05-curl_8.5.0-2ubuntu10.9_amd64.deb ...
#6 10.74 Unpacking curl (8.5.0-2ubuntu10.9) ...
#6 10.77 Selecting previously unselected package fonts-dejavu-mono.
#6 10.77 Preparing to unpack .../06-fonts-dejavu-mono_2.37-8_all.deb ...
#6 10.78 Unpacking fonts-dejavu-mono (2.37-8) ...
#6 10.84 Selecting previously unselected package fonts-dejavu-core.
#6 10.84 Preparing to unpack .../07-fonts-dejavu-core_2.37-8_all.deb ...
#6 10.86 Unpacking fonts-dejavu-core (2.37-8) ...
#6 10.92 Selecting previously unselected package fonts-liberation.
#6 10.92 Preparing to unpack .../08-fonts-liberation_1%3a2.1.5-3_all.deb ...
#6 10.92 Unpacking fonts-liberation (1:2.1.5-3) ...
#6 10.99 Selecting previously unselected package libcairo-gobject2:amd64.
#6 10.99 Preparing to unpack .../09-libcairo-gobject2_1.18.0-3build1_amd64.deb ...
#6 11.00 Unpacking libcairo-gobject2:amd64 (1.18.0-3build1) ...
#6 11.03 Selecting previously unselected package gir1.2-freedesktop:amd64.
#6 11.03 Preparing to unpack .../10-gir1.2-freedesktop_1.80.1-1_amd64.deb ...
#6 11.04 Unpacking gir1.2-freedesktop:amd64 (1.80.1-1) ...
#6 11.08 Selecting previously unselected package gir1.2-glib-2.0-dev:amd64.
#6 11.08 Preparing to unpack .../11-gir1.2-glib-2.0-dev_2.80.0-6ubuntu3.8_amd64.deb ...
#6 11.08 Unpacking gir1.2-glib-2.0-dev:amd64 (2.80.0-6ubuntu3.8) ...
#6 11.16 Selecting previously unselected package gir1.2-freedesktop-dev:amd64.
#6 11.16 Preparing to unpack .../12-gir1.2-freedesktop-dev_1.80.1-1_amd64.deb ...
#6 11.17 Unpacking gir1.2-freedesktop-dev:amd64 (1.80.1-1) ...
#6 11.20 Selecting previously unselected package libharfbuzz-gobject0:amd64.
#6 11.20 Preparing to unpack .../13-libharfbuzz-gobject0_8.3.0-2build2_amd64.deb ...
#6 11.21 Unpacking libharfbuzz-gobject0:amd64 (8.3.0-2build2) ...
#6 11.24 Selecting previously unselected package gir1.2-harfbuzz-0.0:amd64.
#6 11.24 Preparing to unpack .../14-gir1.2-harfbuzz-0.0_8.3.0-2build2_amd64.deb ...
#6 11.24 Unpacking gir1.2-harfbuzz-0.0:amd64 (8.3.0-2build2) ...
#6 11.27 Selecting previously unselected package icu-devtools.
#6 11.28 Preparing to unpack .../15-icu-devtools_74.2-1ubuntu3.1_amd64.deb ...
#6 11.28 Unpacking icu-devtools (74.2-1ubuntu3.1) ...
#6 11.32 Selecting previously unselected package libbrotli-dev:amd64.
#6 11.32 Preparing to unpack .../16-libbrotli-dev_1.1.0-2build2_amd64.deb ...
#6 11.32 Unpacking libbrotli-dev:amd64 (1.1.0-2build2) ...
#6 11.36 Selecting previously unselected package libbz2-dev:amd64.
#6 11.36 Preparing to unpack .../17-libbz2-dev_1.0.8-5.1build0.1_amd64.deb ...
#6 11.37 Unpacking libbz2-dev:amd64 (1.0.8-5.1build0.1) ...
#6 11.40 Selecting previously unselected package libcurl4-openssl-dev:amd64.
#6 11.40 Preparing to unpack .../18-libcurl4-openssl-dev_8.5.0-2ubuntu10.9_amd64.deb ...
#6 11.41 Unpacking libcurl4-openssl-dev:amd64 (8.5.0-2ubuntu10.9) ...
#6 11.45 Selecting previously unselected package libdeflate-dev:amd64.
#6 11.45 Preparing to unpack .../19-libdeflate-dev_1.19-1build1.1_amd64.deb ...
#6 11.46 Unpacking libdeflate-dev:amd64 (1.19-1build1.1) ...
#6 11.49 Selecting previously unselected package libexpat1-dev:amd64.
#6 11.49 Preparing to unpack .../20-libexpat1-dev_2.6.1-2ubuntu0.4_amd64.deb ...
#6 11.50 Unpacking libexpat1-dev:amd64 (2.6.1-2ubuntu0.4) ...
#6 11.54 Selecting previously unselected package zlib1g-dev:amd64.
#6 11.54 Preparing to unpack .../21-zlib1g-dev_1%3a1.3.dfsg-3.1ubuntu2.1_amd64.deb ...
#6 11.54 Unpacking zlib1g-dev:amd64 (1:1.3.dfsg-3.1ubuntu2.1) ...
#6 11.58 Selecting previously unselected package libpng-dev:amd64.
#6 11.58 Preparing to unpack .../22-libpng-dev_1.6.43-5ubuntu0.6_amd64.deb ...
#6 11.59 Unpacking libpng-dev:amd64 (1.6.43-5ubuntu0.6) ...
#6 11.63 Selecting previously unselected package libfreetype-dev:amd64.
#6 11.63 Preparing to unpack .../23-libfreetype-dev_2.13.2+dfsg-1ubuntu0.1_amd64.deb ...
#6 11.63 Unpacking libfreetype-dev:amd64 (2.13.2+dfsg-1ubuntu0.1) ...
#6 11.69 Selecting previously unselected package uuid-dev:amd64.
#6 11.69 Preparing to unpack .../24-uuid-dev_2.39.3-9ubuntu6.5_amd64.deb ...
#6 11.69 Unpacking uuid-dev:amd64 (2.39.3-9ubuntu6.5) ...
#6 11.73 Selecting previously unselected package libpkgconf3:amd64.
#6 11.73 Preparing to unpack .../25-libpkgconf3_1.8.1-2build1_amd64.deb ...
#6 11.73 Unpacking libpkgconf3:amd64 (1.8.1-2build1) ...
#6 11.77 Selecting previously unselected package pkgconf-bin.
#6 11.77 Preparing to unpack .../26-pkgconf-bin_1.8.1-2build1_amd64.deb ...
#6 11.78 Unpacking pkgconf-bin (1.8.1-2build1) ...
#6 11.81 Selecting previously unselected package pkgconf:amd64.
#6 11.82 Preparing to unpack .../27-pkgconf_1.8.1-2build1_amd64.deb ...
#6 11.82 Unpacking pkgconf:amd64 (1.8.1-2build1) ...
#6 11.87 Selecting previously unselected package libfontconfig-dev:amd64.
#6 11.87 Preparing to unpack .../28-libfontconfig-dev_2.15.0-1.1ubuntu2_amd64.deb ...
#6 11.87 Unpacking libfontconfig-dev:amd64 (2.15.0-1.1ubuntu2) ...
#6 11.92 Selecting previously unselected package libfontconfig1-dev:amd64.
#6 11.92 Preparing to unpack .../29-libfontconfig1-dev_2.15.0-1.1ubuntu2_amd64.deb ...
#6 11.93 Unpacking libfontconfig1-dev:amd64 (2.15.0-1.1ubuntu2) ...
#6 11.96 Selecting previously unselected package libfribidi-dev:amd64.
#6 11.96 Preparing to unpack .../30-libfribidi-dev_1.0.13-3build1_amd64.deb ...
#6 11.97 Unpacking libfribidi-dev:amd64 (1.0.13-3build1) ...
#6 12.02 Selecting previously unselected package libgirepository-2.0-0:amd64.
#6 12.02 Preparing to unpack .../31-libgirepository-2.0-0_2.80.0-6ubuntu3.8_amd64.deb ...
#6 12.02 Unpacking libgirepository-2.0-0:amd64 (2.80.0-6ubuntu3.8) ...
#6 12.06 Selecting previously unselected package libglib2.0-bin.
#6 12.06 Preparing to unpack .../32-libglib2.0-bin_2.80.0-6ubuntu3.8_amd64.deb ...
#6 12.07 Unpacking libglib2.0-bin (2.80.0-6ubuntu3.8) ...
#6 12.12 Selecting previously unselected package libffi-dev:amd64.
#6 12.12 Preparing to unpack .../33-libffi-dev_3.4.6-1build1_amd64.deb ...
#6 12.13 Unpacking libffi-dev:amd64 (3.4.6-1build1) ...
#6 12.17 Selecting previously unselected package python3-packaging.
#6 12.18 Preparing to unpack .../34-python3-packaging_24.0-1_all.deb ...
#6 12.18 Unpacking python3-packaging (24.0-1) ...
#6 12.23 Selecting previously unselected package libglib2.0-dev-bin.
#6 12.23 Preparing to unpack .../35-libglib2.0-dev-bin_2.80.0-6ubuntu3.8_amd64.deb ...
#6 12.23 Unpacking libglib2.0-dev-bin (2.80.0-6ubuntu3.8) ...
#6 12.28 Selecting previously unselected package libblkid-dev:amd64.
#6 12.28 Preparing to unpack .../36-libblkid-dev_2.39.3-9ubuntu6.5_amd64.deb ...
#6 12.28 Unpacking libblkid-dev:amd64 (2.39.3-9ubuntu6.5) ...
#6 12.32 Selecting previously unselected package libsepol-dev:amd64.
#6 12.32 Preparing to unpack .../37-libsepol-dev_3.5-2build1_amd64.deb ...
#6 12.32 Unpacking libsepol-dev:amd64 (3.5-2build1) ...
#6 12.37 Selecting previously unselected package libpcre2-dev:amd64.
#6 12.37 Preparing to unpack .../38-libpcre2-dev_10.42-4ubuntu2.1_amd64.deb ...
#6 12.38 Unpacking libpcre2-dev:amd64 (10.42-4ubuntu2.1) ...
#6 12.42 Selecting previously unselected package libselinux1-dev:amd64.
#6 12.42 Preparing to unpack .../39-libselinux1-dev_3.5-2ubuntu2.1_amd64.deb ...
#6 12.43 Unpacking libselinux1-dev:amd64 (3.5-2ubuntu2.1) ...
#6 12.46 Selecting previously unselected package libmount-dev:amd64.
#6 12.47 Preparing to unpack .../40-libmount-dev_2.39.3-9ubuntu6.5_amd64.deb ...
#6 12.47 Unpacking libmount-dev:amd64 (2.39.3-9ubuntu6.5) ...
#6 12.50 Selecting previously unselected package libglib2.0-dev:amd64.
#6 12.50 Preparing to unpack .../41-libglib2.0-dev_2.80.0-6ubuntu3.8_amd64.deb ...
#6 12.51 Unpacking libglib2.0-dev:amd64 (2.80.0-6ubuntu3.8) ...
#6 12.66 Preparing to unpack .../42-libgraphite2-3_1.3.14-2ubuntu0.24.04.1_amd64.deb ...
#6 12.67 Unpacking libgraphite2-3:amd64 (1.3.14-2ubuntu0.24.04.1) over (1.3.14-2build1) ...
#6 12.72 Selecting previously unselected package libgraphite2-dev:amd64.
#6 12.72 Preparing to unpack .../43-libgraphite2-dev_1.3.14-2ubuntu0.24.04.1_amd64.deb ...
#6 12.73 Unpacking libgraphite2-dev:amd64 (1.3.14-2ubuntu0.24.04.1) ...
#6 12.77 Selecting previously unselected package libharfbuzz-cairo0:amd64.
#6 12.77 Preparing to unpack .../44-libharfbuzz-cairo0_8.3.0-2build2_amd64.deb ...
#6 12.78 Unpacking libharfbuzz-cairo0:amd64 (8.3.0-2build2) ...
#6 12.82 Selecting previously unselected package libharfbuzz-icu0:amd64.
#6 12.82 Preparing to unpack .../45-libharfbuzz-icu0_8.3.0-2build2_amd64.deb ...
#6 12.82 Unpacking libharfbuzz-icu0:amd64 (8.3.0-2build2) ...
#6 12.86 Selecting previously unselected package libharfbuzz-subset0:amd64.
#6 12.87 Preparing to unpack .../46-libharfbuzz-subset0_8.3.0-2build2_amd64.deb ...
#6 12.87 Unpacking libharfbuzz-subset0:amd64 (8.3.0-2build2) ...
#6 12.91 Selecting previously unselected package libicu-dev:amd64.
#6 12.91 Preparing to unpack .../47-libicu-dev_74.2-1ubuntu3.1_amd64.deb ...
#6 12.91 Unpacking libicu-dev:amd64 (74.2-1ubuntu3.1) ...
#6 13.19 Selecting previously unselected package libharfbuzz-dev:amd64.
#6 13.19 Preparing to unpack .../48-libharfbuzz-dev_8.3.0-2build2_amd64.deb ...
#6 13.19 Unpacking libharfbuzz-dev:amd64 (8.3.0-2build2) ...
#6 13.25 Selecting previously unselected package libjpeg8-dev:amd64.
#6 13.25 Preparing to unpack .../49-libjpeg8-dev_8c-2ubuntu11_amd64.deb ...
#6 13.26 Unpacking libjpeg8-dev:amd64 (8c-2ubuntu11) ...
#6 13.29 Selecting previously unselected package libjpeg-dev:amd64.
#6 13.29 Preparing to unpack .../50-libjpeg-dev_8c-2ubuntu11_amd64.deb ...
#6 13.29 Unpacking libjpeg-dev:amd64 (8c-2ubuntu11) ...
#6 13.33 Selecting previously unselected package liblerc-dev:amd64.
#6 13.33 Preparing to unpack .../51-liblerc-dev_4.0.0+ds-4ubuntu2_amd64.deb ...
#6 13.34 Unpacking liblerc-dev:amd64 (4.0.0+ds-4ubuntu2) ...
#6 13.38 Selecting previously unselected package liblua5.4-0:amd64.
#6 13.38 Preparing to unpack .../52-liblua5.4-0_5.4.6-3build2_amd64.deb ...
#6 13.39 Unpacking liblua5.4-0:amd64 (5.4.6-3build2) ...
#6 13.42 Selecting previously unselected package libsharpyuv-dev:amd64.
#6 13.43 Preparing to unpack .../53-libsharpyuv-dev_1.3.2-0.4build3_amd64.deb ...
#6 13.43 Unpacking libsharpyuv-dev:amd64 (1.3.2-0.4build3) ...
#6 13.46 Selecting previously unselected package libssl-dev:amd64.
#6 13.47 Preparing to unpack .../54-libssl-dev_3.0.13-0ubuntu3.11_amd64.deb ...
#6 13.47 Unpacking libssl-dev:amd64 (3.0.13-0ubuntu3.11) ...
#6 13.58 Selecting previously unselected package libjbig-dev:amd64.
#6 13.59 Preparing to unpack .../55-libjbig-dev_2.1-6.1ubuntu2_amd64.deb ...
#6 13.59 Unpacking libjbig-dev:amd64 (2.1-6.1ubuntu2) ...
#6 13.62 Selecting previously unselected package liblzma-dev:amd64.
#6 13.62 Preparing to unpack .../56-liblzma-dev_5.6.1+really5.4.5-1ubuntu0.3_amd64.deb ...
#6 13.63 Unpacking liblzma-dev:amd64 (5.6.1+really5.4.5-1ubuntu0.3) ...
#6 13.66 Selecting previously unselected package libzstd-dev:amd64.
#6 13.67 Preparing to unpack .../57-libzstd-dev_1.5.5+dfsg2-2build1.1_amd64.deb ...
#6 13.67 Unpacking libzstd-dev:amd64 (1.5.5+dfsg2-2build1.1) ...
#6 13.72 Selecting previously unselected package libwebpdemux2:amd64.
#6 13.72 Preparing to unpack .../58-libwebpdemux2_1.3.2-0.4build3_amd64.deb ...
#6 13.72 Unpacking libwebpdemux2:amd64 (1.3.2-0.4build3) ...
#6 13.76 Selecting previously unselected package libwebpmux3:amd64.
#6 13.77 Preparing to unpack .../59-libwebpmux3_1.3.2-0.4build3_amd64.deb ...
#6 13.77 Unpacking libwebpmux3:amd64 (1.3.2-0.4build3) ...
#6 13.81 Selecting previously unselected package libwebpdecoder3:amd64.
#6 13.81 Preparing to unpack .../60-libwebpdecoder3_1.3.2-0.4build3_amd64.deb ...
#6 13.81 Unpacking libwebpdecoder3:amd64 (1.3.2-0.4build3) ...
#6 13.85 Selecting previously unselected package libwebp-dev:amd64.
#6 13.85 Preparing to unpack .../61-libwebp-dev_1.3.2-0.4build3_amd64.deb ...
#6 13.86 Unpacking libwebp-dev:amd64 (1.3.2-0.4build3) ...
#6 13.91 Selecting previously unselected package libtiff-dev:amd64.
#6 13.91 Preparing to unpack .../62-libtiff-dev_4.5.1+git230720-4ubuntu2.5_amd64.deb ...
#6 13.91 Unpacking libtiff-dev:amd64 (4.5.1+git230720-4ubuntu2.5) ...
#6 13.96 Selecting previously unselected package libtiff5-dev:amd64.
#6 13.96 Preparing to unpack .../63-libtiff5-dev_4.5.1+git230720-4ubuntu2.5_amd64.deb ...
#6 13.97 Unpacking libtiff5-dev:amd64 (4.5.1+git230720-4ubuntu2.5) ...
#6 14.00 Selecting previously unselected package libxml2-dev:amd64.
#6 14.00 Preparing to unpack .../64-libxml2-dev_2.9.14+dfsg-1.3ubuntu3.8_amd64.deb ...
#6 14.01 Unpacking libxml2-dev:amd64 (2.9.14+dfsg-1.3ubuntu3.8) ...
#6 14.07 Selecting previously unselected package pandoc-data.
#6 14.07 Preparing to unpack .../65-pandoc-data_3.1.3-1_all.deb ...
#6 14.08 Unpacking pandoc-data (3.1.3-1) ...
#6 14.15 Selecting previously unselected package pandoc.
#6 14.15 Preparing to unpack .../66-pandoc_3.1.3+ds-2_amd64.deb ...
#6 14.15 Unpacking pandoc (3.1.3+ds-2) ...
#6 14.92 Setting up media-types (10.1.0) ...
#6 14.94 Setting up libgraphite2-3:amd64 (1.3.14-2ubuntu0.24.04.1) ...
#6 14.95 Setting up libharfbuzz-icu0:amd64 (8.3.0-2build2) ...
#6 14.96 Setting up libzstd-dev:amd64 (1.5.5+dfsg2-2build1.1) ...
#6 14.98 Setting up libpcre2-dev:amd64 (10.42-4ubuntu2.1) ...
#6 14.99 Setting up libgirepository-2.0-0:amd64 (2.80.0-6ubuntu3.8) ...
#6 15.00 Setting up libyaml-0-2:amd64 (0.2.5-1build1) ...
#6 15.01 Setting up libfribidi-dev:amd64 (1.0.13-3build1) ...
#6 15.02 Setting up libwebpdemux2:amd64 (1.3.2-0.4build3) ...
#6 15.04 Setting up libsqlite3-0:amd64 (3.45.1-1ubuntu2.6) ...
#6 15.05 Setting up libuv1t64:amd64 (1.48.0-1.1build1) ...
#6 15.06 Setting up libjbig-dev:amd64 (2.1-6.1ubuntu2) ...
#6 15.07 Setting up libwebpdecoder3:amd64 (1.3.2-0.4build3) ...
#6 15.08 Setting up libglib2.0-bin (2.80.0-6ubuntu3.8) ...
#6 15.10 Setting up libharfbuzz-gobject0:amd64 (8.3.0-2build2) ...
#6 15.11 Setting up libffi-dev:amd64 (3.4.6-1build1) ...
#6 15.12 Setting up libgraphite2-dev:amd64 (1.3.14-2ubuntu0.24.04.1) ...
#6 15.13 Setting up libpkgconf3:amd64 (1.8.1-2build1) ...
#6 15.15 Setting up libexpat1-dev:amd64 (2.6.1-2ubuntu0.4) ...
#6 15.16 Setting up libharfbuzz-cairo0:amd64 (8.3.0-2build2) ...
#6 15.17 Setting up libcurl4-openssl-dev:amd64 (8.5.0-2ubuntu10.9) ...
#6 15.19 Setting up uuid-dev:amd64 (2.39.3-9ubuntu6.5) ...
#6 15.20 Setting up fonts-dejavu-mono (2.37-8) ...
#6 15.23 Setting up libssl-dev:amd64 (3.0.13-0ubuntu3.11) ...
#6 15.24 Setting up icu-devtools (74.2-1ubuntu3.1) ...
#6 15.25 Setting up fonts-dejavu-core (2.37-8) ...
#6 15.31 Setting up libsepol-dev:amd64 (3.5-2build1) ...
#6 15.33 Setting up pkgconf-bin (1.8.1-2build1) ...
#6 15.34 Setting up gir1.2-glib-2.0:amd64 (2.80.0-6ubuntu3.8) ...
#6 15.36 Setting up liblerc-dev:amd64 (4.0.0+ds-4ubuntu2) ...
#6 15.37 Setting up liblzma-dev:amd64 (5.6.1+really5.4.5-1ubuntu0.3) ...
#6 15.38 Setting up zlib1g-dev:amd64 (1:1.3.dfsg-3.1ubuntu2.1) ...
#6 15.39 Setting up gir1.2-glib-2.0-dev:amd64 (2.80.0-6ubuntu3.8) ...
#6 15.41 Setting up fonts-liberation (1:2.1.5-3) ...
#6 15.42 Setting up libharfbuzz-subset0:amd64 (8.3.0-2build2) ...
#6 15.43 Setting up liblua5.4-0:amd64 (5.4.6-3build2) ...
#6 15.46 Setting up netbase (6.4) ...
#6 15.54 Setting up libcairo-gobject2:amd64 (1.18.0-3build1) ...
#6 15.56 Setting up curl (8.5.0-2ubuntu10.9) ...
#6 15.58 Setting up pandoc-data (3.1.3-1) ...
#6 15.59 Setting up libjpeg8-dev:amd64 (8c-2ubuntu11) ...
#6 15.60 Setting up libsharpyuv-dev:amd64 (1.3.2-0.4build3) ...
#6 15.61 Setting up libwebpmux3:amd64 (1.3.2-0.4build3) ...
#6 15.62 Setting up libdeflate-dev:amd64 (1.19-1build1.1) ...
#6 15.63 Setting up libicu-dev:amd64 (74.2-1ubuntu3.1) ...
#6 15.64 Setting up libxml2:amd64 (2.9.14+dfsg-1.3ubuntu3.8) ...
#6 15.66 Setting up libbrotli-dev:amd64 (1.1.0-2build2) ...
#6 15.67 Setting up libbz2-dev:amd64 (1.0.8-5.1build0.1) ...
#6 15.69 Setting up libblkid-dev:amd64 (2.39.3-9ubuntu6.5) ...
#6 15.70 Setting up gir1.2-freedesktop:amd64 (1.80.1-1) ...
#6 15.72 Setting up libpython3.12-stdlib:amd64 (3.12.3-1ubuntu0.13) ...
#6 15.73 Setting up libselinux1-dev:amd64 (3.5-2ubuntu2.1) ...
#6 15.74 Setting up python3.12 (3.12.3-1ubuntu0.13) ...
#6 16.61 Setting up libpng-dev:amd64 (1.6.43-5ubuntu0.6) ...
#6 16.62 Setting up libjpeg-dev:amd64 (8c-2ubuntu11) ...
#6 16.63 Setting up gir1.2-harfbuzz-0.0:amd64 (8.3.0-2build2) ...
#6 16.64 Setting up pkgconf:amd64 (1.8.1-2build1) ...
#6 16.66 Setting up libfreetype-dev:amd64 (2.13.2+dfsg-1ubuntu0.1) ...
#6 16.67 Setting up libxml2-dev:amd64 (2.9.14+dfsg-1.3ubuntu3.8) ...
#6 16.68 Setting up libwebp-dev:amd64 (1.3.2-0.4build3) ...
#6 16.69 Setting up pandoc (3.1.3+ds-2) ...
#6 16.70 Setting up libtiff-dev:amd64 (4.5.1+git230720-4ubuntu2.5) ...
#6 16.72 Setting up gir1.2-freedesktop-dev:amd64 (1.80.1-1) ...
#6 16.73 Setting up libmount-dev:amd64 (2.39.3-9ubuntu6.5) ...
#6 16.74 Setting up libpython3-stdlib:amd64 (3.12.3-0ubuntu2.1) ...
#6 16.75 Setting up libfontconfig-dev:amd64 (2.15.0-1.1ubuntu2) ...
#6 16.77 Setting up libtiff5-dev:amd64 (4.5.1+git230720-4ubuntu2.5) ...
#6 16.78 Setting up python3 (3.12.3-0ubuntu2.1) ...
#6 17.09 Setting up python3-packaging (24.0-1) ...
#6 17.20 Setting up libglib2.0-dev-bin (2.80.0-6ubuntu3.8) ...
#6 17.29 Setting up libfontconfig1-dev:amd64 (2.15.0-1.1ubuntu2) ...
#6 17.31 Setting up libglib2.0-dev:amd64 (2.80.0-6ubuntu3.8) ...
#6 17.32 Processing triggers for libc-bin (2.39-0ubuntu8.7) ...
#6 17.44 Processing triggers for libglib2.0-0t64:amd64 (2.80.0-6ubuntu3.8) ...
#6 17.46 No schema files found: doing nothing.
#6 17.47 Processing triggers for fontconfig (2.15.0-1.1ubuntu2) ...
#6 17.56 Setting up libharfbuzz-dev:amd64 (8.3.0-2build2) ...
#6 DONE 17.7s

#7 [ 3/13] RUN R -q -e "install.packages(c(        'shiny','bslib','DT','plotly','highcharter',        'dplyr','readr','tidyr','htmltools','jsonlite',        'rmarkdown','tinytex','httr','pandoc'      ), Ncpus = max(1L, parallel::detectCores()))"
#7 0.636 > install.packages(c(        'shiny','bslib','DT','plotly','highcharter',        'dplyr','readr','tidyr','htmltools','jsonlite',        'rmarkdown','tinytex','httr','pandoc'      ), Ncpus = max(1L, parallel::detectCores()))
#7 0.643 Installing packages into ΓÇÿ/usr/local/lib/R/site-libraryΓÇÖ
#7 0.643 (as ΓÇÿlibΓÇÖ is unspecified)
#7 2.237 also installing the dependencies ΓÇÿbitΓÇÖ, ΓÇÿprettyunitsΓÇÖ, ΓÇÿsysΓÇÖ, ΓÇÿRcppΓÇÖ, ΓÇÿgtableΓÇÖ, ΓÇÿisobandΓÇÖ, ΓÇÿS7ΓÇÖ, ΓÇÿfarverΓÇÖ, ΓÇÿlabelingΓÇÖ, ΓÇÿpkgconfigΓÇÖ, ΓÇÿXMLΓÇÖ, ΓÇÿstringiΓÇÖ, ΓÇÿbackportsΓÇÖ, ΓÇÿTTRΓÇÖ, ΓÇÿtimechangeΓÇÖ, ΓÇÿutf8ΓÇÖ, ΓÇÿbit64ΓÇÖ, ΓÇÿprogressΓÇÖ, ΓÇÿhighrΓÇÖ, ΓÇÿaskpassΓÇÖ, ΓÇÿcachemΓÇÖ, ΓÇÿcliΓÇÖ, ΓÇÿcommonmarkΓÇÖ, ΓÇÿfastmapΓÇÖ, ΓÇÿfontawesomeΓÇÖ, ΓÇÿglueΓÇÖ, ΓÇÿhttpuvΓÇÖ, ΓÇÿlaterΓÇÖ, ΓÇÿlifecycleΓÇÖ, ΓÇÿmimeΓÇÖ, ΓÇÿotelΓÇÖ, ΓÇÿpromisesΓÇÖ, ΓÇÿR6ΓÇÖ, ΓÇÿrlangΓÇÖ, ΓÇÿsourcetoolsΓÇÖ, ΓÇÿwithrΓÇÖ, ΓÇÿxtableΓÇÖ, ΓÇÿbase64encΓÇÖ, ΓÇÿjquerylibΓÇÖ, ΓÇÿmemoiseΓÇÖ, ΓÇÿsassΓÇÖ, ΓÇÿcrosstalkΓÇÖ, ΓÇÿhtmlwidgetsΓÇÖ, ΓÇÿmagrittrΓÇÖ, ΓÇÿggplot2ΓÇÖ, ΓÇÿscalesΓÇÖ, ΓÇÿdigestΓÇÖ, ΓÇÿviridisLiteΓÇÖ, ΓÇÿRColorBrewerΓÇÖ, ΓÇÿvctrsΓÇÖ, ΓÇÿtibbleΓÇÖ, ΓÇÿlazyevalΓÇÖ, ΓÇÿpurrrΓÇÖ, ΓÇÿdata.tableΓÇÖ, ΓÇÿrlistΓÇÖ, ΓÇÿassertthatΓÇÖ, ΓÇÿzooΓÇÖ, ΓÇÿstringrΓÇÖ, ΓÇÿbroomΓÇÖ, ΓÇÿxtsΓÇÖ, ΓÇÿquantmodΓÇÖ, ΓÇÿigraphΓÇÖ, ΓÇÿlubridateΓÇÖ, ΓÇÿyamlΓÇÖ, ΓÇÿrjsonΓÇÖ, ΓÇÿgenericsΓÇÖ, ΓÇÿpillarΓÇÖ, ΓÇÿtidyselectΓÇÖ, ΓÇÿcliprΓÇÖ, ΓÇÿcrayonΓÇÖ, ΓÇÿhmsΓÇÖ, ΓÇÿvroomΓÇÖ, ΓÇÿcpp11ΓÇÖ, ΓÇÿtzdbΓÇÖ, ΓÇÿevaluateΓÇÖ, ΓÇÿknitrΓÇÖ, ΓÇÿxfunΓÇÖ, ΓÇÿcurlΓÇÖ, ΓÇÿopensslΓÇÖ, ΓÇÿfsΓÇÖ, ΓÇÿrappdirsΓÇÖ
#7 2.237 
#7 2.282 trying URL 'https://p3m.dev/cran/__linux__/noble/2026-06-23/src/contrib/bit_4.6.0.tar.gz'
#7 2.282 trying URL 'https://p3m.dev/cran/__linux__/noble/2026-06-23/src/contrib/prettyunits_1.2.0.tar.gz'
#7 2.282 trying URL 'https://p3m.dev/cran/__linux__/noble/2026-06-23/src/contrib/sys_3.4.3.tar.gz'
#7 2.282 trying URL 'https://p3m.dev/cran/__linux__/noble/2026-06-23/src/contrib/Rcpp_1.1.1-1.1.tar.gz'
#7 2.282 trying URL 'https://p3m.dev/cran/__linux__/noble/2026-06-23/src/contrib/gtable_0.3.6.tar.gz'
#7 2.282 trying URL 'https://p3m.dev/cran/__linux__/noble/2026-06-23/src/contrib/isoband_0.3.0.tar.gz'
#7 2.282 trying URL 'https://p3m.dev/cran/__linux__/noble/2026-06-23/src/contrib/S7_0.2.2.tar.gz'
#7 2.282 trying URL 'https://p3m.dev/cran/__linux__/noble/2026-06-23/src/contrib/farver_2.1.2.tar.gz'
#7 2.282 trying URL 'https://p3m.dev/cran/__linux__/noble/2026-06-23/src/contrib/labeling_0.4.3.tar.gz'
#7 2.282 trying URL 'https://p3m.dev/cran/__linux__/noble/2026-06-23/src/contrib/pkgconfig_2.0.3.tar.gz'
#7 2.282 trying URL 'https://p3m.dev/cran/__linux__/noble/2026-06-23/src/contrib/XML_3.99-0.23.tar.gz'
#7 2.282 trying URL 'https://p3m.dev/cran/__linux__/noble/2026-06-23/src/contrib/stringi_1.8.7.tar.gz'
#7 2.282 trying URL 'https://p3m.dev/cran/__linux__/noble/2026-06-23/src/contrib/backports_1.5.1.tar.gz'
#7 2.282 trying URL 'https://p3m.dev/cran/__linux__/noble/2026-06-23/src/contrib/TTR_0.24.4.tar.gz'
#7 2.282 trying URL 'https://p3m.dev/cran/__linux__/noble/2026-06-23/src/contrib/timechange_0.4.0.tar.gz'
#7 3.487 trying URL 'https://p3m.dev/cran/__linux__/noble/2026-06-23/src/contrib/utf8_1.2.6.tar.gz'
#7 3.488 trying URL 'https://p3m.dev/cran/__linux__/noble/2026-06-23/src/contrib/bit64_4.8.2.tar.gz'
#7 3.496 trying URL 'https://p3m.dev/cran/__linux__/noble/2026-06-23/src/contrib/progress_1.2.3.tar.gz'
#7 3.597 trying URL 'https://p3m.dev/cran/__linux__/noble/2026-06-23/src/contrib/highr_0.12.tar.gz'
#7 3.604 trying URL 'https://p3m.dev/cran/__linux__/noble/2026-06-23/src/contrib/askpass_1.2.1.tar.gz'
#7 3.627 trying URL 'https://p3m.dev/cran/__linux__/noble/2026-06-23/src/contrib/cachem_1.1.0.tar.gz'
#7 3.676 trying URL 'https://p3m.dev/cran/__linux__/noble/2026-06-23/src/contrib/cli_3.6.6.tar.gz'
#7 3.696 trying URL 'https://p3m.dev/cran/__linux__/noble/2026-06-23/src/contrib/commonmark_2.0.0.tar.gz'
#7 3.703 trying URL 'https://p3m.dev/cran/__linux__/noble/2026-06-23/src/contrib/fastmap_1.2.0.tar.gz'
#7 3.826 trying URL 'https://p3m.dev/cran/__linux__/noble/2026-06-23/src/contrib/fontawesome_0.5.3.tar.gz'
#7 3.848 trying URL 'https://p3m.dev/cran/__linux__/noble/2026-06-23/src/contrib/glue_1.8.1.tar.gz'
#7 3.886 trying URL 'https://p3m.dev/cran/__linux__/noble/2026-06-23/src/contrib/httpuv_1.6.17.tar.gz'
#7 3.995 trying URL 'https://p3m.dev/cran/__linux__/noble/2026-06-23/src/contrib/later_1.4.8.tar.gz'
#7 4.052 trying URL 'https://p3m.dev/cran/__linux__/noble/2026-06-23/src/contrib/lifecycle_1.0.5.tar.gz'
#7 4.060 trying URL 'https://p3m.dev/cran/__linux__/noble/2026-06-23/src/contrib/mime_0.13.tar.gz'
#7 4.069 trying URL 'https://p3m.dev/cran/__linux__/noble/2026-06-23/src/contrib/otel_0.2.0.tar.gz'
#7 4.080 trying URL 'https://p3m.dev/cran/__linux__/noble/2026-06-23/src/contrib/promises_1.5.0.tar.gz'
#7 4.081 trying URL 'https://p3m.dev/cran/__linux__/noble/2026-06-23/src/contrib/R6_2.6.1.tar.gz'
#7 4.082 trying URL 'https://p3m.dev/cran/__linux__/noble/2026-06-23/src/contrib/rlang_1.2.0.tar.gz'
#7 4.106 trying URL 'https://p3m.dev/cran/__linux__/noble/2026-06-23/src/contrib/sourcetools_0.1.7-2.tar.gz'
#7 4.107 trying URL 'https://p3m.dev/cran/__linux__/noble/2026-06-23/src/contrib/withr_3.0.3.tar.gz'
#7 4.111 trying URL 'https://p3m.dev/cran/__linux__/noble/2026-06-23/src/contrib/xtable_1.8-8.tar.gz'
#7 4.113 trying URL 'https://p3m.dev/cran/__linux__/noble/2026-06-23/src/contrib/base64enc_0.1-6.tar.gz'
#7 4.182 trying URL 'https://p3m.dev/cran/__linux__/noble/2026-06-23/src/contrib/jquerylib_0.1.4.tar.gz'
#7 4.272 trying URL 'https://p3m.dev/cran/__linux__/noble/2026-06-23/src/contrib/memoise_2.0.1.tar.gz'
#7 4.278 trying URL 'https://p3m.dev/cran/__linux__/noble/2026-06-23/src/contrib/sass_0.4.10.tar.gz'
#7 4.289 trying URL 'https://p3m.dev/cran/__linux__/noble/2026-06-23/src/contrib/crosstalk_1.2.2.tar.gz'
#7 4.293 trying URL 'https://p3m.dev/cran/__linux__/noble/2026-06-23/src/contrib/htmlwidgets_1.6.4.tar.gz'
#7 4.366 trying URL 'https://p3m.dev/cran/__linux__/noble/2026-06-23/src/contrib/magrittr_2.0.5.tar.gz'
#7 4.373 trying URL 'https://p3m.dev/cran/__linux__/noble/2026-06-23/src/contrib/ggplot2_4.0.3.tar.gz'
#7 4.412 trying URL 'https://p3m.dev/cran/__linux__/noble/2026-06-23/src/contrib/scales_1.4.0.tar.gz'
#7 4.416 trying URL 'https://p3m.dev/cran/__linux__/noble/2026-06-23/src/contrib/digest_0.6.39.tar.gz'
#7 4.486 trying URL 'https://p3m.dev/cran/__linux__/noble/2026-06-23/src/contrib/viridisLite_0.4.3.tar.gz'
#7 4.493 trying URL 'https://p3m.dev/cran/__linux__/noble/2026-06-23/src/contrib/RColorBrewer_1.1-3.tar.gz'
#7 4.530 trying URL 'https://p3m.dev/cran/__linux__/noble/2026-06-23/src/contrib/vctrs_0.7.3.tar.gz'
#7 4.661 trying URL 'https://p3m.dev/cran/__linux__/noble/2026-06-23/src/contrib/tibble_3.3.1.tar.gz'
#7 4.675 trying URL 'https://p3m.dev/cran/__linux__/noble/2026-06-23/src/contrib/lazyeval_0.2.3.tar.gz'
#7 4.744 trying URL 'https://p3m.dev/cran/__linux__/noble/2026-06-23/src/contrib/purrr_1.2.2.tar.gz'
#7 4.746 trying URL 'https://p3m.dev/cran/__linux__/noble/2026-06-23/src/contrib/data.table_1.18.4.tar.gz'
#7 4.748 trying URL 'https://p3m.dev/cran/__linux__/noble/2026-06-23/src/contrib/rlist_0.4.6.2.tar.gz'
#7 4.752 trying URL 'https://p3m.dev/cran/__linux__/noble/2026-06-23/src/contrib/assertthat_0.2.1.tar.gz'
#7 4.778 trying URL 'https://p3m.dev/cran/__linux__/noble/2026-06-23/src/contrib/zoo_1.8-15.tar.gz'
#7 4.806 trying URL 'https://p3m.dev/cran/__linux__/noble/2026-06-23/src/contrib/stringr_1.6.0.tar.gz'
#7 4.808 trying URL 'https://p3m.dev/cran/__linux__/noble/2026-06-23/src/contrib/broom_1.0.13.tar.gz'
#7 4.828 trying URL 'https://p3m.dev/cran/__linux__/noble/2026-06-23/src/contrib/xts_0.14.2.tar.gz'
#7 4.834 trying URL 'https://p3m.dev/cran/__linux__/noble/2026-06-23/src/contrib/quantmod_0.4.28.tar.gz'
#7 4.906 trying URL 'https://p3m.dev/cran/__linux__/noble/2026-06-23/src/contrib/igraph_2.3.2.tar.gz'
#7 4.917 trying URL 'https://p3m.dev/cran/__linux__/noble/2026-06-23/src/contrib/lubridate_1.9.5.tar.gz'
#7 5.093 trying URL 'https://p3m.dev/cran/__linux__/noble/2026-06-23/src/contrib/yaml_2.3.12.tar.gz'
#7 5.208 trying URL 'https://p3m.dev/cran/__linux__/noble/2026-06-23/src/contrib/rjson_0.2.23.tar.gz'
#7 5.308 trying URL 'https://p3m.dev/cran/__linux__/noble/2026-06-23/src/contrib/generics_0.1.4.tar.gz'
#7 5.390 trying URL 'https://p3m.dev/cran/__linux__/noble/2026-06-23/src/contrib/pillar_1.11.1.tar.gz'
#7 5.395 trying URL 'https://p3m.dev/cran/__linux__/noble/2026-06-23/src/contrib/tidyselect_1.2.1.tar.gz'
#7 5.446 trying URL 'https://p3m.dev/cran/__linux__/noble/2026-06-23/src/contrib/clipr_0.8.1.tar.gz'
#7 5.457 trying URL 'https://p3m.dev/cran/__linux__/noble/2026-06-23/src/contrib/crayon_1.5.3.tar.gz'
#7 5.465 trying URL 'https://p3m.dev/cran/__linux__/noble/2026-06-23/src/contrib/hms_1.1.4.tar.gz'
#7 5.474 trying URL 'https://p3m.dev/cran/__linux__/noble/2026-06-23/src/contrib/vroom_1.7.1.tar.gz'
#7 5.525 trying URL 'https://p3m.dev/cran/__linux__/noble/2026-06-23/src/contrib/cpp11_0.5.5.tar.gz'
#7 5.531 trying URL 'https://p3m.dev/cran/__linux__/noble/2026-06-23/src/contrib/tzdb_0.5.0.tar.gz'
#7 5.579 trying URL 'https://p3m.dev/cran/__linux__/noble/2026-06-23/src/contrib/evaluate_1.0.5.tar.gz'
#7 5.605 trying URL 'https://p3m.dev/cran/__linux__/noble/2026-06-23/src/contrib/knitr_1.51.tar.gz'
#7 5.629 trying URL 'https://p3m.dev/cran/__linux__/noble/2026-06-23/src/contrib/xfun_0.59.tar.gz'
#7 5.651 trying URL 'https://p3m.dev/cran/__linux__/noble/2026-06-23/src/contrib/curl_7.1.0.tar.gz'
#7 5.880 trying URL 'https://p3m.dev/cran/__linux__/noble/2026-06-23/src/contrib/openssl_2.4.2.tar.gz'
#7 5.883 trying URL 'https://p3m.dev/cran/__linux__/noble/2026-06-23/src/contrib/fs_2.1.0.tar.gz'
#7 5.885 trying URL 'https://p3m.dev/cran/__linux__/noble/2026-06-23/src/contrib/rappdirs_0.3.4.tar.gz'
#7 5.890 trying URL 'https://p3m.dev/cran/__linux__/noble/2026-06-23/src/contrib/shiny_1.14.0.tar.gz'
#7 5.892 trying URL 'https://p3m.dev/cran/__linux__/noble/2026-06-23/src/contrib/bslib_0.11.0.tar.gz'
#7 5.905 trying URL 'https://p3m.dev/cran/__linux__/noble/2026-06-23/src/contrib/DT_0.34.0.tar.gz'
#7 5.909 trying URL 'https://p3m.dev/cran/__linux__/noble/2026-06-23/src/contrib/plotly_4.12.0.tar.gz'
#7 5.919 trying URL 'https://p3m.dev/cran/__linux__/noble/2026-06-23/src/contrib/highcharter_0.9.5.tar.gz'
#7 5.935 trying URL 'https://p3m.dev/cran/__linux__/noble/2026-06-23/src/contrib/dplyr_1.2.1.tar.gz'
#7 5.956 trying URL 'https://p3m.dev/cran/__linux__/noble/2026-06-23/src/contrib/readr_2.2.0.tar.gz'
#7 5.988 trying URL 'https://p3m.dev/cran/__linux__/noble/2026-06-23/src/contrib/tidyr_1.3.2.tar.gz'
#7 6.028 trying URL 'https://p3m.dev/cran/__linux__/noble/2026-06-23/src/contrib/htmltools_0.5.9.tar.gz'
#7 6.029 trying URL 'https://p3m.dev/cran/__linux__/noble/2026-06-23/src/contrib/jsonlite_2.0.0.tar.gz'
#7 6.074 trying URL 'https://p3m.dev/cran/__linux__/noble/2026-06-23/src/contrib/rmarkdown_2.31.tar.gz'
#7 6.083 trying URL 'https://p3m.dev/cran/__linux__/noble/2026-06-23/src/contrib/tinytex_0.60.tar.gz'
#7 6.139 trying URL 'https://p3m.dev/cran/__linux__/noble/2026-06-23/src/contrib/httr_1.4.8.tar.gz'
#7 6.187 trying URL 'https://p3m.dev/cran/__linux__/noble/2026-06-23/src/contrib/pandoc_0.2.0.tar.gz'
#7 7.417 begin installing package ΓÇÿbitΓÇÖ
#7 7.417 begin installing package ΓÇÿprettyunitsΓÇÖ
#7 7.418 begin installing package ΓÇÿsysΓÇÖ
#7 7.419 begin installing package ΓÇÿRcppΓÇÖ
#7 7.421 begin installing package ΓÇÿS7ΓÇÖ
#7 7.426 begin installing package ΓÇÿfarverΓÇÖ
#7 7.426 begin installing package ΓÇÿlabelingΓÇÖ
#7 7.427 begin installing package ΓÇÿpkgconfigΓÇÖ
#7 7.430 begin installing package ΓÇÿstringiΓÇÖ
#7 7.432 begin installing package ΓÇÿXMLΓÇÖ
#7 7.432 begin installing package ΓÇÿutf8ΓÇÖ
#7 7.434 begin installing package ΓÇÿbackportsΓÇÖ
#7 7.439 begin installing package ΓÇÿcliΓÇÖ
#7 7.448 begin installing package ΓÇÿcommonmarkΓÇÖ
#7 7.449 begin installing package ΓÇÿfastmapΓÇÖ
#7 7.456 begin installing package ΓÇÿglueΓÇÖ
#7 8.323 * installing *binary* package ΓÇÿbackportsΓÇÖ ...
#7 8.323 * package ΓÇÿbackportsΓÇÖ successfully unpacked and SHA256 sums checked
#7 8.323 * DONE (backports)
#7 8.328 begin installing package ΓÇÿmimeΓÇÖ
#7 8.383 * installing *binary* package ΓÇÿlabelingΓÇÖ ...
#7 8.383 * package ΓÇÿlabelingΓÇÖ successfully unpacked and SHA256 sums checked
#7 8.383 * DONE (labeling)
#7 8.386 begin installing package ΓÇÿotelΓÇÖ
#7 8.420 * installing *binary* package ΓÇÿcommonmarkΓÇÖ ...
#7 8.420 * package ΓÇÿcommonmarkΓÇÖ successfully unpacked and SHA256 sums checked
#7 8.420 * DONE (commonmark)
#7 8.434 begin installing package ΓÇÿR6ΓÇÖ
#7 8.445 * installing *binary* package ΓÇÿfastmapΓÇÖ ...
#7 8.445 * package ΓÇÿfastmapΓÇÖ successfully unpacked and SHA256 sums checked
#7 8.445 * DONE (fastmap)
#7 8.455 begin installing package ΓÇÿrlangΓÇÖ
#7 8.455 * installing *binary* package ΓÇÿpkgconfigΓÇÖ ...
#7 8.455 * package ΓÇÿpkgconfigΓÇÖ successfully unpacked and SHA256 sums checked
#7 8.455 * DONE (pkgconfig)
#7 8.455 begin installing package ΓÇÿsourcetoolsΓÇÖ
#7 8.475 * installing *binary* package ΓÇÿprettyunitsΓÇÖ ...
#7 8.475 * package ΓÇÿprettyunitsΓÇÖ successfully unpacked and SHA256 sums checked
#7 8.475 * DONE (prettyunits)
#7 8.481 begin installing package ΓÇÿwithrΓÇÖ
#7 8.550 * installing *binary* package ΓÇÿutf8ΓÇÖ ...
#7 8.550 * package ΓÇÿutf8ΓÇÖ successfully unpacked and SHA256 sums checked
#7 8.550 * DONE (utf8)
#7 8.557 begin installing package ΓÇÿxtableΓÇÖ
#7 8.620 * installing *binary* package ΓÇÿbitΓÇÖ ...
#7 8.620 * package ΓÇÿbitΓÇÖ successfully unpacked and SHA256 sums checked
#7 8.620 * DONE (bit)
#7 8.667 begin installing package ΓÇÿbase64encΓÇÖ
#7 8.827 * installing *binary* package ΓÇÿsysΓÇÖ ...
#7 8.827 * package ΓÇÿsysΓÇÖ successfully unpacked and SHA256 sums checked
#7 8.827 * DONE (sys)
#7 8.827 * installing *binary* package ΓÇÿfarverΓÇÖ ...
#7 8.827 * package ΓÇÿfarverΓÇÖ successfully unpacked and SHA256 sums checked
#7 8.827 * DONE (farver)
#7 8.835 begin installing package ΓÇÿmagrittrΓÇÖ
#7 8.835 begin installing package ΓÇÿdigestΓÇÖ
#7 9.034 * installing *binary* package ΓÇÿglueΓÇÖ ...
#7 9.034 * package ΓÇÿglueΓÇÖ successfully unpacked and SHA256 sums checked
#7 9.034 * DONE (glue)
#7 9.037 begin installing package ΓÇÿviridisLiteΓÇÖ
#7 9.109 * installing *binary* package ΓÇÿS7ΓÇÖ ...
#7 9.109 * package ΓÇÿS7ΓÇÖ successfully unpacked and SHA256 sums checked
#7 9.109 * DONE (S7)
#7 9.113 begin installing package ΓÇÿRColorBrewerΓÇÖ
#7 9.171 * installing *binary* package ΓÇÿcliΓÇÖ ...
#7 9.171 * package ΓÇÿcliΓÇÖ successfully unpacked and SHA256 sums checked
#7 9.171 * DONE (cli)
#7 9.178 begin installing package ΓÇÿdata.tableΓÇÖ
#7 9.414 * installing *binary* package ΓÇÿotelΓÇÖ ...
#7 9.414 * package ΓÇÿotelΓÇÖ successfully unpacked and SHA256 sums checked
#7 9.414 * DONE (otel)
#7 9.433 begin installing package ΓÇÿassertthatΓÇÖ
#7 9.545 * installing *binary* package ΓÇÿbase64encΓÇÖ ...
#7 9.545 * package ΓÇÿbase64encΓÇÖ successfully unpacked and SHA256 sums checked
#7 9.545 * DONE (base64enc)
#7 9.548 begin installing package ΓÇÿzooΓÇÖ
#7 9.802 * installing *binary* package ΓÇÿR6ΓÇÖ ...
#7 9.802 * package ΓÇÿR6ΓÇÖ successfully unpacked and SHA256 sums checked
#7 9.802 * DONE (R6)
#7 9.807 begin installing package ΓÇÿyamlΓÇÖ
#7 9.815 * installing *binary* package ΓÇÿmimeΓÇÖ ...
#7 9.815 * package ΓÇÿmimeΓÇÖ successfully unpacked and SHA256 sums checked
#7 9.815 * DONE (mime)
#7 9.818 begin installing package ΓÇÿrjsonΓÇÖ
#7 9.821 * installing *binary* package ΓÇÿsourcetoolsΓÇÖ ...
#7 9.821 * package ΓÇÿsourcetoolsΓÇÖ successfully unpacked and SHA256 sums checked
#7 9.821 * DONE (sourcetools)
#7 9.823 * installing *binary* package ΓÇÿrlangΓÇÖ ...
#7 9.823 * package ΓÇÿrlangΓÇÖ successfully unpacked and SHA256 sums checked
#7 9.823 * DONE (rlang)
#7 9.824 begin installing package ΓÇÿgenericsΓÇÖ
#7 9.827 begin installing package ΓÇÿcliprΓÇÖ
#7 9.850 * installing *binary* package ΓÇÿXMLΓÇÖ ...
#7 9.850 * package ΓÇÿXMLΓÇÖ successfully unpacked and SHA256 sums checked
#7 9.850 * DONE (XML)
#7 9.855 begin installing package ΓÇÿcrayonΓÇÖ
#7 9.869 * installing *binary* package ΓÇÿwithrΓÇÖ ...
#7 9.869 * package ΓÇÿwithrΓÇÖ successfully unpacked and SHA256 sums checked
#7 9.869 * DONE (withr)
#7 9.881 begin installing package ΓÇÿcpp11ΓÇÖ
#7 9.935 * installing *binary* package ΓÇÿstringiΓÇÖ ...
#7 9.935 * package ΓÇÿstringiΓÇÖ successfully unpacked and SHA256 sums checked
#7 9.935 * DONE (stringi)
#7 9.977 * installing *binary* package ΓÇÿmagrittrΓÇÖ ...
#7 9.977 * package ΓÇÿmagrittrΓÇÖ successfully unpacked and SHA256 sums checked
#7 9.977 * DONE (magrittr)
#7 9.986 begin installing package ΓÇÿevaluateΓÇÖ
#7 9.989 begin installing package ΓÇÿxfunΓÇÖ
#7 9.999 * installing *binary* package ΓÇÿdigestΓÇÖ ...
#7 9.999 * package ΓÇÿdigestΓÇÖ successfully unpacked and SHA256 sums checked
#7 9.999 * DONE (digest)
#7 10.03 begin installing package ΓÇÿcurlΓÇÖ
#7 10.29 * installing *binary* package ΓÇÿxtableΓÇÖ ...
#7 10.29 * package ΓÇÿxtableΓÇÖ successfully unpacked and SHA256 sums checked
#7 10.29 * DONE (xtable)
#7 10.30 begin installing package ΓÇÿfsΓÇÖ
#7 10.32 * installing *binary* package ΓÇÿviridisLiteΓÇÖ ...
#7 10.32 * package ΓÇÿviridisLiteΓÇÖ successfully unpacked and SHA256 sums checked
#7 10.32 * DONE (viridisLite)
#7 10.32 begin installing package ΓÇÿrappdirsΓÇÖ
#7 10.36 * installing *binary* package ΓÇÿassertthatΓÇÖ ...
#7 10.36 * package ΓÇÿassertthatΓÇÖ successfully unpacked and SHA256 sums checked
#7 10.36 * DONE (assertthat)
#7 10.36 begin installing package ΓÇÿjsonliteΓÇÖ
#7 10.62 * installing *binary* package ΓÇÿRColorBrewerΓÇÖ ...
#7 10.62 * package ΓÇÿRColorBrewerΓÇÖ successfully unpacked and SHA256 sums checked
#7 10.62 * DONE (RColorBrewer)
#7 10.63 begin installing package ΓÇÿbit64ΓÇÖ
#7 10.63 * installing *binary* package ΓÇÿzooΓÇÖ ...
#7 10.63 * package ΓÇÿzooΓÇÖ successfully unpacked and SHA256 sums checked
#7 10.63 * DONE (zoo)
#7 10.64 begin installing package ΓÇÿaskpassΓÇÖ
#7 10.65 * installing *binary* package ΓÇÿxfunΓÇÖ ...
#7 10.65 * package ΓÇÿxfunΓÇÖ successfully unpacked and SHA256 sums checked
#7 10.65 * DONE (xfun)
#7 10.66 begin installing package ΓÇÿcachemΓÇÖ
#7 10.91 * installing *binary* package ΓÇÿyamlΓÇÖ ...
#7 10.91 * package ΓÇÿyamlΓÇÖ successfully unpacked and SHA256 sums checked
#7 10.91 * DONE (yaml)
#7 10.92 begin installing package ΓÇÿlifecycleΓÇÖ
#7 10.94 * installing *binary* package ΓÇÿRcppΓÇÖ ...
#7 10.94 * package ΓÇÿRcppΓÇÖ successfully unpacked and SHA256 sums checked
#7 10.94 * DONE (Rcpp)
#7 10.95 begin installing package ΓÇÿlazyevalΓÇÖ
#7 10.96 * installing *binary* package ΓÇÿevaluateΓÇÖ ...
#7 10.96 * package ΓÇÿevaluateΓÇÖ successfully unpacked and SHA256 sums checked
#7 10.96 * DONE (evaluate)
#7 10.98 begin installing package ΓÇÿxtsΓÇÖ
#7 11.02 * installing *binary* package ΓÇÿcrayonΓÇÖ ...
#7 11.02 * package ΓÇÿcrayonΓÇÖ successfully unpacked and SHA256 sums checked
#7 11.02 * DONE (crayon)
#7 11.03 begin installing package ΓÇÿhtmltoolsΓÇÖ
#7 11.03 * installing *binary* package ΓÇÿgenericsΓÇÖ ...
#7 11.03 * package ΓÇÿgenericsΓÇÖ successfully unpacked and SHA256 sums checked
#7 11.03 * DONE (generics)
#7 11.04 begin installing package ΓÇÿtinytexΓÇÖ
#7 11.19 * installing *binary* package ΓÇÿcpp11ΓÇÖ ...
#7 11.19 * package ΓÇÿcpp11ΓÇÖ successfully unpacked and SHA256 sums checked
#7 11.19 * DONE (cpp11)
#7 11.19 begin installing package ΓÇÿisobandΓÇÖ
#7 11.27 * installing *binary* package ΓÇÿcliprΓÇÖ ...
#7 11.27 * package ΓÇÿcliprΓÇÖ successfully unpacked and SHA256 sums checked
#7 11.27 * DONE (clipr)
#7 11.28 begin installing package ΓÇÿtimechangeΓÇÖ
#7 11.30 * installing *binary* package ΓÇÿfsΓÇÖ ...
#7 11.30 * package ΓÇÿfsΓÇÖ successfully unpacked and SHA256 sums checked
#7 11.30 * DONE (fs)
#7 11.30 begin installing package ΓÇÿhighrΓÇÖ
#7 11.34 * installing *binary* package ΓÇÿrjsonΓÇÖ ...
#7 11.34 * package ΓÇÿrjsonΓÇÖ successfully unpacked and SHA256 sums checked
#7 11.34 * DONE (rjson)
#7 11.35 * installing *binary* package ΓÇÿbit64ΓÇÖ ...
#7 11.35 * package ΓÇÿbit64ΓÇÖ successfully unpacked and SHA256 sums checked
#7 11.35 * DONE (bit64)
#7 11.38 begin installing package ΓÇÿlaterΓÇÖ
#7 11.38 begin installing package ΓÇÿtzdbΓÇÖ
#7 11.40 * installing *binary* package ΓÇÿcurlΓÇÖ ...
#7 11.40 * package ΓÇÿcurlΓÇÖ successfully unpacked and SHA256 sums checked
#7 11.40 * DONE (curl)
#7 11.42 * installing *binary* package ΓÇÿaskpassΓÇÖ ...
#7 11.42 * package ΓÇÿaskpassΓÇÖ successfully unpacked and SHA256 sums checked
#7 11.42 * DONE (askpass)
#7 11.43 * installing *binary* package ΓÇÿrappdirsΓÇÖ ...
#7 11.43 * package ΓÇÿrappdirsΓÇÖ successfully unpacked and SHA256 sums checked
#7 11.43 * DONE (rappdirs)
#7 11.43 begin installing package ΓÇÿopensslΓÇÖ
#7 11.45 begin installing package ΓÇÿpandocΓÇÖ
#7 11.65 * installing *binary* package ΓÇÿjsonliteΓÇÖ ...
#7 11.65 * package ΓÇÿjsonliteΓÇÖ successfully unpacked and SHA256 sums checked
#7 11.65 * DONE (jsonlite)
#7 11.79 * installing *binary* package ΓÇÿcachemΓÇÖ ...
#7 11.79 * package ΓÇÿcachemΓÇÖ successfully unpacked and SHA256 sums checked
#7 11.79 * DONE (cachem)
#7 11.79 begin installing package ΓÇÿmemoiseΓÇÖ
#7 11.80 * installing *binary* package ΓÇÿdata.tableΓÇÖ ...
#7 11.80 * package ΓÇÿdata.tableΓÇÖ successfully unpacked and SHA256 sums checked
#7 11.80 * DONE (data.table)
#7 11.80 begin installing package ΓÇÿrlistΓÇÖ
#7 11.88 * installing *binary* package ΓÇÿlazyevalΓÇÖ ...
#7 11.88 * package ΓÇÿlazyevalΓÇÖ successfully unpacked and SHA256 sums checked
#7 11.88 * DONE (lazyeval)
#7 11.93 * installing *binary* package ΓÇÿhighrΓÇÖ ...
#7 11.93 * package ΓÇÿhighrΓÇÖ successfully unpacked and SHA256 sums checked
#7 11.93 * DONE (highr)
#7 11.93 * installing *binary* package ΓÇÿhtmltoolsΓÇÖ ...
#7 11.93 * package ΓÇÿhtmltoolsΓÇÖ successfully unpacked and SHA256 sums checked
#7 11.93 * DONE (htmltools)
#7 11.95 begin installing package ΓÇÿjquerylibΓÇÖ
#7 11.95 begin installing package ΓÇÿfontawesomeΓÇÖ
#7 11.97 begin installing package ΓÇÿsassΓÇÖ
#7 11.97 begin installing package ΓÇÿcrosstalkΓÇÖ
#7 11.97 begin installing package ΓÇÿknitrΓÇÖ
#7 12.11 * installing *binary* package ΓÇÿlifecycleΓÇÖ ...
#7 12.11 * package ΓÇÿlifecycleΓÇÖ successfully unpacked and SHA256 sums checked
#7 12.11 * DONE (lifecycle)
#7 12.12 begin installing package ΓÇÿgtableΓÇÖ
#7 12.15 * installing *binary* package ΓÇÿpandocΓÇÖ ...
#7 12.15 * package ΓÇÿpandocΓÇÖ successfully unpacked and SHA256 sums checked
#7 12.15 * DONE (pandoc)
#7 12.17 begin installing package ΓÇÿscalesΓÇÖ
#7 12.18 * installing *binary* package ΓÇÿtinytexΓÇÖ ...
#7 12.18 * package ΓÇÿtinytexΓÇÖ successfully unpacked and SHA256 sums checked
#7 12.18 * DONE (tinytex)
#7 12.19 begin installing package ΓÇÿvctrsΓÇÖ
#7 12.21 * installing *binary* package ΓÇÿlaterΓÇÖ ...
#7 12.21 * package ΓÇÿlaterΓÇÖ successfully unpacked and SHA256 sums checked
#7 12.21 * DONE (later)
#7 12.21 begin installing package ΓÇÿpromisesΓÇÖ
#7 12.23 * installing *binary* package ΓÇÿtimechangeΓÇÖ ...
#7 12.23 * package ΓÇÿtimechangeΓÇÖ successfully unpacked and SHA256 sums checked
#7 12.23 * DONE (timechange)
#7 12.24 begin installing package ΓÇÿlubridateΓÇÖ
#7 12.52 * installing *binary* package ΓÇÿisobandΓÇÖ ...
#7 12.52 * package ΓÇÿisobandΓÇÖ successfully unpacked and SHA256 sums checked
#7 12.52 * DONE (isoband)
#7 12.53 * installing *binary* package ΓÇÿxtsΓÇÖ ...
#7 12.53 * package ΓÇÿxtsΓÇÖ successfully unpacked and SHA256 sums checked
#7 12.53 * DONE (xts)
#7 12.54 begin installing package ΓÇÿTTRΓÇÖ
#7 12.70 * installing *binary* package ΓÇÿopensslΓÇÖ ...
#7 12.70 * package ΓÇÿopensslΓÇÖ successfully unpacked and SHA256 sums checked
#7 12.70 * DONE (openssl)
#7 12.70 begin installing package ΓÇÿhttrΓÇÖ
#7 12.73 * installing *binary* package ΓÇÿmemoiseΓÇÖ ...
#7 12.73 * package ΓÇÿmemoiseΓÇÖ successfully unpacked and SHA256 sums checked
#7 12.73 * DONE (memoise)
#7 12.75 * installing *binary* package ΓÇÿfontawesomeΓÇÖ ...
#7 12.75 * package ΓÇÿfontawesomeΓÇÖ successfully unpacked and SHA256 sums checked
#7 12.75 * DONE (fontawesome)
#7 12.79 * installing *binary* package ΓÇÿtzdbΓÇÖ ...
#7 12.79 * package ΓÇÿtzdbΓÇÖ successfully unpacked and SHA256 sums checked
#7 12.79 * DONE (tzdb)
#7 12.89 * installing *binary* package ΓÇÿscalesΓÇÖ ...
#7 12.89 * package ΓÇÿscalesΓÇÖ successfully unpacked and SHA256 sums checked
#7 12.89 * DONE (scales)
#7 12.90 * installing *binary* package ΓÇÿrlistΓÇÖ ...
#7 12.90 * package ΓÇÿrlistΓÇÖ successfully unpacked and SHA256 sums checked
#7 12.90 * DONE (rlist)
#7 12.96 * installing *binary* package ΓÇÿgtableΓÇÖ ...
#7 12.96 * package ΓÇÿgtableΓÇÖ successfully unpacked and SHA256 sums checked
#7 12.96 * DONE (gtable)
#7 12.99 * installing *binary* package ΓÇÿcrosstalkΓÇÖ ...
#7 12.99 * package ΓÇÿcrosstalkΓÇÖ successfully unpacked and SHA256 sums checked
#7 12.99 * DONE (crosstalk)
#7 13.07 * installing *binary* package ΓÇÿTTRΓÇÖ ...
#7 13.07 * package ΓÇÿTTRΓÇÖ successfully unpacked and SHA256 sums checked
#7 13.07 * DONE (TTR)
#7 13.07 * installing *binary* package ΓÇÿjquerylibΓÇÖ ...
#7 13.07 * package ΓÇÿjquerylibΓÇÖ successfully unpacked and SHA256 sums checked
#7 13.07 * DONE (jquerylib)
#7 13.07 begin installing package ΓÇÿquantmodΓÇÖ
#7 13.08 * installing *binary* package ΓÇÿlubridateΓÇÖ ...
#7 13.08 * package ΓÇÿlubridateΓÇÖ successfully unpacked and SHA256 sums checked
#7 13.08 * DONE (lubridate)
#7 13.09 * installing *binary* package ΓÇÿvctrsΓÇÖ ...
#7 13.09 * package ΓÇÿvctrsΓÇÖ successfully unpacked and SHA256 sums checked
#7 13.09 * DONE (vctrs)
#7 13.09 begin installing package ΓÇÿstringrΓÇÖ
#7 13.09 begin installing package ΓÇÿpurrrΓÇÖ
#7 13.09 begin installing package ΓÇÿigraphΓÇÖ
#7 13.09 begin installing package ΓÇÿpillarΓÇÖ
#7 13.09 begin installing package ΓÇÿtidyselectΓÇÖ
#7 13.09 begin installing package ΓÇÿggplot2ΓÇÖ
#7 13.10 begin installing package ΓÇÿhmsΓÇÖ
#7 13.11 * installing *binary* package ΓÇÿhttrΓÇÖ ...
#7 13.11 * package ΓÇÿhttrΓÇÖ successfully unpacked and SHA256 sums checked
#7 13.11 * DONE (httr)
#7 13.12 * installing *binary* package ΓÇÿpromisesΓÇÖ ...
#7 13.12 * package ΓÇÿpromisesΓÇÖ successfully unpacked and SHA256 sums checked
#7 13.12 * DONE (promises)
#7 13.12 * installing *binary* package ΓÇÿknitrΓÇÖ ...
#7 13.12 * package ΓÇÿknitrΓÇÖ successfully unpacked and SHA256 sums checked
#7 13.12 * DONE (knitr)
#7 13.12 begin installing package ΓÇÿhttpuvΓÇÖ
#7 13.24 * installing *binary* package ΓÇÿsassΓÇÖ ...
#7 13.24 * package ΓÇÿsassΓÇÖ successfully unpacked and SHA256 sums checked
#7 13.24 * DONE (sass)
#7 13.25 begin installing package ΓÇÿbslibΓÇÖ
#7 13.66 * installing *binary* package ΓÇÿquantmodΓÇÖ ...
#7 13.66 * package ΓÇÿquantmodΓÇÖ successfully unpacked and SHA256 sums checked
#7 13.66 * DONE (quantmod)
#7 13.68 * installing *binary* package ΓÇÿtidyselectΓÇÖ ...
#7 13.68 * package ΓÇÿtidyselectΓÇÖ successfully unpacked and SHA256 sums checked
#7 13.68 * DONE (tidyselect)
#7 13.71 * installing *binary* package ΓÇÿpurrrΓÇÖ ...
#7 13.71 * package ΓÇÿpurrrΓÇÖ successfully unpacked and SHA256 sums checked
#7 13.71 * DONE (purrr)
#7 13.71 * installing *binary* package ΓÇÿhmsΓÇÖ ...
#7 13.71 * package ΓÇÿhmsΓÇÖ successfully unpacked and SHA256 sums checked
#7 13.71 * DONE (hms)
#7 13.72 begin installing package ΓÇÿprogressΓÇÖ
#7 13.77 * installing *binary* package ΓÇÿpillarΓÇÖ ...
#7 13.77 * package ΓÇÿpillarΓÇÖ successfully unpacked and SHA256 sums checked
#7 13.77 * DONE (pillar)
#7 13.77 begin installing package ΓÇÿtibbleΓÇÖ
#7 13.83 * installing *binary* package ΓÇÿstringrΓÇÖ ...
#7 13.83 * package ΓÇÿstringrΓÇÖ successfully unpacked and SHA256 sums checked
#7 13.83 * DONE (stringr)
#7 13.89 * installing *binary* package ΓÇÿhttpuvΓÇÖ ...
#7 13.89 * package ΓÇÿhttpuvΓÇÖ successfully unpacked and SHA256 sums checked
#7 13.89 * DONE (httpuv)
#7 14.08 * installing *binary* package ΓÇÿprogressΓÇÖ ...
#7 14.08 * package ΓÇÿprogressΓÇÖ successfully unpacked and SHA256 sums checked
#7 14.08 * DONE (progress)
#7 14.22 * installing *binary* package ΓÇÿtibbleΓÇÖ ...
#7 14.22 * package ΓÇÿtibbleΓÇÖ successfully unpacked and SHA256 sums checked
#7 14.22 * DONE (tibble)
#7 14.22 begin installing package ΓÇÿvroomΓÇÖ
#7 14.22 begin installing package ΓÇÿdplyrΓÇÖ
#7 14.24 * installing *binary* package ΓÇÿigraphΓÇÖ ...
#7 14.24 * package ΓÇÿigraphΓÇÖ successfully unpacked and SHA256 sums checked
#7 14.24 * DONE (igraph)
#7 14.45 * installing *binary* package ΓÇÿggplot2ΓÇÖ ...
#7 14.45 * package ΓÇÿggplot2ΓÇÖ successfully unpacked and SHA256 sums checked
#7 14.45 * DONE (ggplot2)
#7 14.62 * installing *binary* package ΓÇÿdplyrΓÇÖ ...
#7 14.62 * package ΓÇÿdplyrΓÇÖ successfully unpacked and SHA256 sums checked
#7 14.62 * DONE (dplyr)
#7 14.62 begin installing package ΓÇÿtidyrΓÇÖ
#7 14.67 * installing *binary* package ΓÇÿvroomΓÇÖ ...
#7 14.67 * package ΓÇÿvroomΓÇÖ successfully unpacked and SHA256 sums checked
#7 14.67 * DONE (vroom)
#7 14.68 begin installing package ΓÇÿreadrΓÇÖ
#7 14.99 * installing *binary* package ΓÇÿbslibΓÇÖ ...
#7 14.99 * package ΓÇÿbslibΓÇÖ successfully unpacked and SHA256 sums checked
#7 14.99 * DONE (bslib)
#7 14.99 begin installing package ΓÇÿshinyΓÇÖ
#7 14.99 begin installing package ΓÇÿrmarkdownΓÇÖ
#7 15.01 * installing *binary* package ΓÇÿtidyrΓÇÖ ...
#7 15.01 * package ΓÇÿtidyrΓÇÖ successfully unpacked and SHA256 sums checked
#7 15.01 * DONE (tidyr)
#7 15.01 begin installing package ΓÇÿbroomΓÇÖ
#7 15.19 * installing *binary* package ΓÇÿreadrΓÇÖ ...
#7 15.19 * package ΓÇÿreadrΓÇÖ successfully unpacked and SHA256 sums checked
#7 15.19 * DONE (readr)
#7 15.44 * installing *binary* package ΓÇÿbroomΓÇÖ ...
#7 15.44 * package ΓÇÿbroomΓÇÖ successfully unpacked and SHA256 sums checked
#7 15.44 * DONE (broom)
#7 15.68 * installing *binary* package ΓÇÿrmarkdownΓÇÖ ...
#7 15.68 * package ΓÇÿrmarkdownΓÇÖ successfully unpacked and SHA256 sums checked
#7 15.68 * DONE (rmarkdown)
#7 15.68 begin installing package ΓÇÿhtmlwidgetsΓÇÖ
#7 15.87 * installing *binary* package ΓÇÿshinyΓÇÖ ...
#7 15.87 * package ΓÇÿshinyΓÇÖ successfully unpacked and SHA256 sums checked
#7 15.87 * DONE (shiny)
#7 16.04 * installing *binary* package ΓÇÿhtmlwidgetsΓÇÖ ...
#7 16.04 * package ΓÇÿhtmlwidgetsΓÇÖ successfully unpacked and SHA256 sums checked
#7 16.04 * DONE (htmlwidgets)
#7 16.04 begin installing package ΓÇÿDTΓÇÖ
#7 16.04 begin installing package ΓÇÿplotlyΓÇÖ
#7 16.04 begin installing package ΓÇÿhighcharterΓÇÖ
#7 16.54 * installing *binary* package ΓÇÿhighcharterΓÇÖ ...
#7 16.54 * package ΓÇÿhighcharterΓÇÖ successfully unpacked and SHA256 sums checked
#7 16.54 * DONE (highcharter)
#7 16.74 * installing *binary* package ΓÇÿplotlyΓÇÖ ...
#7 16.74 * package ΓÇÿplotlyΓÇÖ successfully unpacked and SHA256 sums checked
#7 16.74 * DONE (plotly)
#7 16.76 * installing *binary* package ΓÇÿDTΓÇÖ ...
#7 16.76 * package ΓÇÿDTΓÇÖ successfully unpacked and SHA256 sums checked
#7 16.76 * DONE (DT)
#7 16.78 
#7 16.78 The downloaded source packages are in
#7 16.78 	ΓÇÿ/tmp/RtmpVw9WCV/downloaded_packagesΓÇÖ
#7 16.78 > 
#7 DONE 17.0s

#8 [ 4/13] RUN R -q -e "pkgs <- c('shiny','bslib','DT','plotly','highcharter','dplyr','readr','tidyr','htmltools','jsonlite','rmarkdown','tinytex','httr','pandoc'); miss <- pkgs[!pkgs %in% rownames(installed.packages())]; if (length(miss)) stop('MISSING_R_PACKAGES: ', paste(miss, collapse=', ')) else cat('ALL_R_PKGS_OK\n')"
#8 0.516 > pkgs <- c('shiny','bslib','DT','plotly','highcharter','dplyr','readr','tidyr','htmltools','jsonlite','rmarkdown','tinytex','httr','pandoc'); miss <- pkgs[!pkgs %in% rownames(installed.packages())]; if (length(miss)) stop('MISSING_R_PACKAGES: ', paste(miss, collapse=', ')) else cat('ALL_R_PKGS_OK\n')
#8 0.546 ALL_R_PKGS_OK
#8 0.546 > 
#8 DONE 0.6s

#9 [ 5/13] RUN R -q -e "tinytex::install_tinytex()"     && echo "TINYTEX_INSTALLED"     || echo "TINYTEX_INSTALL_DEFERRED_TO_V5_4"
#9 0.508 > tinytex::install_tinytex()
#9 1.090 trying URL 'https://github.com/rstudio/tinytex-releases/releases/download/daily/TinyTeX-1-linux-x86_64.tar.xz'
#9 2.004 Content type 'application/octet-stream' length 53582792 bytes (51.1 MB)
#9 2.340 ==================================================
#9 4.756 downloaded 51.1 MB
#9 4.756 
#9 4.766 tar (child): xz: Cannot exec: No such file or directory
#9 4.766 tar (child): Error is not recoverable: exiting now
#9 4.767 /usr/bin/tar: Child returned status 2
#9 4.767 /usr/bin/tar: Error is not recoverable: exiting now
#9 4.773 tlmgr option sys_bin ~/bin
#9 4.775 sh: 1: tlmgr: not found
#9 4.777 sh: 1: tlmgr: not found
#9 4.781 sh: 1: tlmgr: not found
#9 4.783 sh: 1: tlmgr: not found
#9 4.785 sh: 1: tlmgr: not found
#9 5.158 sh: 1: tlmgr: not found
#9 5.643 tlmgr option repository 'https://tlnet.yihui.org'
#9 5.644 sh: 1: tlmgr: not found
#9 5.649 tlmgr update --list
#9 5.650 sh: 1: tlmgr: not found
#9 5.654 tlmgr option repository ctan
#9 5.655 sh: 1: tlmgr: not found
#9 5.656 You may have to restart your system after installing TinyTeX to make sure ~/bin appears in your PATH variable (https://github.com/rstudio/tinytex/issues/16).
#9 5.656 There were 15 warnings (use warnings() to see them)
#9 5.656 > 
#9 5.676 TINYTEX_INSTALLED
#9 DONE 5.7s

#10 [ 6/13] WORKDIR /app
#10 DONE 0.1s

#11 [ 7/13] COPY shiny_app/ /app/shiny_app/
#11 DONE 0.1s

#12 [ 8/13] COPY config/ /app/config/
#12 DONE 0.0s

#13 [ 9/13] COPY ACTIVE_PROJECT_ROOT.md /app/ACTIVE_PROJECT_ROOT.md
#13 DONE 0.0s

#14 [10/13] COPY VERSION_INFO.md /app/VERSION_INFO.md
#14 DONE 0.0s

#15 [11/13] RUN mkdir -p /app/outputs /app/data/processed
#15 DONE 0.3s

#16 [12/13] COPY docker/entrypoint.sh /usr/local/bin/entrypoint.sh
#16 DONE 0.0s

#17 [13/13] RUN sed -i 's/\r$//' /usr/local/bin/entrypoint.sh     && chmod +x /usr/local/bin/entrypoint.sh
#17 DONE 0.8s

#18 exporting to image
#18 exporting layers
#18 exporting layers 8.7s done
#18 exporting manifest sha256:2be1a1d80f1f84e394349c5574f0ec736d9df957ed44435fab6a4b94d7d10ffc 0.0s done
#18 exporting config sha256:8cd8a923a552a8f6777057a8a575cece565bee0537bdea49c9628f179ef02fcb 0.0s done
#18 exporting attestation manifest sha256:addc0ba5a276be1726b528890db8693c3113b14a2518296cbffced58b909b685 0.0s done
#18 exporting manifest list sha256:ed86271fff04d1857ef31edfbf4d84587e77f92fd6b2214b4a68ba59040b1d24 0.0s done
#18 naming to docker.io/library/aegis-dashboard:v5.1 done
#18 unpacking to docker.io/library/aegis-dashboard:v5.1
#18 unpacking to docker.io/library/aegis-dashboard:v5.1 4.2s done
#18 DONE 13.1s
